Component: ARM Compiler 5.06 update 1 (build 61) Tool: armlink [4d35a8]

==============================================================================

Section Cross References

    main.o(i.SystemClock_Config) refers to memseta.o(.text) for __aeabi_memclr4
    main.o(i.SystemClock_Config) refers to stm32f1xx_hal_rcc.o(i.HAL_RCC_OscConfig) for HAL_RCC_OscConfig
    main.o(i.SystemClock_Config) refers to stm32f1xx_hal_rcc.o(i.HAL_RCC_ClockConfig) for HAL_RCC_ClockConfig
    main.o(i.SystemClock_Config) refers to stm32f1xx_hal_rcc_ex.o(i.HAL_RCCEx_PeriphCLKConfig) for HAL_RCCEx_PeriphCLKConfig
    main.o(i.main) refers to stm32f1xx_hal.o(i.HAL_Init) for HAL_Init
    main.o(i.main) refers to main.o(i.SystemClock_Config) for SystemClock_Config
    main.o(i.main) refers to gpio.o(i.MX_GPIO_Init) for MX_GPIO_Init
    main.o(i.main) refers to dma.o(i.MX_DMA_Init) for MX_DMA_Init
    main.o(i.main) refers to adc.o(i.MX_ADC1_Init) for MX_ADC1_Init
    main.o(i.main) refers to usart.o(i.MX_UART4_Init) for MX_UART4_Init
    main.o(i.main) refers to usart.o(i.MX_UART5_Init) for MX_UART5_Init
    main.o(i.main) refers to usart.o(i.MX_USART2_UART_Init) for MX_USART2_UART_Init
    main.o(i.main) refers to usart.o(i.MX_USART3_UART_Init) for MX_USART3_UART_Init
    main.o(i.main) refers to fatfs.o(i.MX_FATFS_Init) for MX_FATFS_Init
    main.o(i.main) refers to usb_host.o(i.MX_USB_HOST_Init) for MX_USB_HOST_Init
    main.o(i.main) refers to stm32f1xx_hal_adc_ex.o(i.HAL_ADCEx_Calibration_Start) for HAL_ADCEx_Calibration_Start
    main.o(i.main) refers to stm32f1xx_hal_cortex.o(i.HAL_NVIC_DisableIRQ) for HAL_NVIC_DisableIRQ
    main.o(i.main) refers to stm32f1xx_hal_adc.o(i.HAL_ADC_Start_DMA) for HAL_ADC_Start_DMA
    main.o(i.main) refers to function_interface.o(i.Send_Data_Iint) for Send_Data_Iint
    main.o(i.main) refers to stm32f1xx_hal_uart.o(i.HAL_UART_Receive_IT) for HAL_UART_Receive_IT
    main.o(i.main) refers to function_interface.o(i.Touch_check) for Touch_check
    main.o(i.main) refers to adc.o(i.ADC_VTrans) for ADC_VTrans
    main.o(i.main) refers to adc.o(i.ADC_Ave) for ADC_Ave
    main.o(i.main) refers to function_interface.o(i.Get_Real_Time_data) for Get_Real_Time_data
    main.o(i.main) refers to function_interface.o(i.LCD_ShouYe) for LCD_ShouYe
    main.o(i.main) refers to function_interface.o(i.LCD_CeLiang) for LCD_CeLiang
    main.o(i.main) refers to function_interface.o(i.JiaoZhun) for JiaoZhun
    main.o(i.main) refers to function_interface.o(i.GongCha) for GongCha
    main.o(i.main) refers to function_interface.o(i.DaoChu) for DaoChu
    main.o(i.main) refers to usb_host.o(i.MX_USB_HOST_Process) for MX_USB_HOST_Process
    main.o(i.main) refers to printf5.o(i.__0printf$5) for __2printf
    main.o(i.main) refers to function_interface.o(i.MSC_Application) for MSC_Application
    main.o(i.main) refers to ff.o(i.f_mount) for f_mount
    main.o(i.main) refers to adc.o(.data) for ADC_sum_num
    main.o(i.main) refers to adc.o(.bss) for hadc1
    main.o(i.main) refers to main.o(.bss) for .bss
    main.o(i.main) refers to usart.o(.data) for LCD_Shouye
    main.o(i.main) refers to function_interface.o(.data) for LCD_USB
    main.o(i.main) refers to usb_host.o(.data) for Appli_state
    main.o(i.main) refers to main.o(.data) for .data
    main.o(i.main) refers to usart.o(.bss) for USART3_BUFF
    main.o(i.main) refers to usart.o(.bss) for huart3
    main.o(i.main) refers to usart.o(.data) for res
    gpio.o(i.MX_GPIO_Init) refers to stm32f1xx_hal_gpio.o(i.HAL_GPIO_WritePin) for HAL_GPIO_WritePin
    gpio.o(i.MX_GPIO_Init) refers to stm32f1xx_hal_gpio.o(i.HAL_GPIO_Init) for HAL_GPIO_Init
    adc.o(i.ADC_Ave) refers to adc.o(.data) for .data
    adc.o(i.ADC_Ave) refers to main.o(.bss) for ADC_V_data
    adc.o(i.ADC_Ave) refers to adc.o(.bss) for .bss
    adc.o(i.ADC_VTrans) refers to main.o(.bss) for ADC_DMA
    adc.o(i.ADC_VTrans) refers to main.o(.bss) for ADC_V_data
    adc.o(i.HAL_ADC_MspDeInit) refers to stm32f1xx_hal_gpio.o(i.HAL_GPIO_DeInit) for HAL_GPIO_DeInit
    adc.o(i.HAL_ADC_MspDeInit) refers to stm32f1xx_hal_dma.o(i.HAL_DMA_DeInit) for HAL_DMA_DeInit
    adc.o(i.HAL_ADC_MspInit) refers to stm32f1xx_hal_gpio.o(i.HAL_GPIO_Init) for HAL_GPIO_Init
    adc.o(i.HAL_ADC_MspInit) refers to stm32f1xx_hal_dma.o(i.HAL_DMA_Init) for HAL_DMA_Init
    adc.o(i.HAL_ADC_MspInit) refers to main.o(i.Error_Handler) for Error_Handler
    adc.o(i.HAL_ADC_MspInit) refers to adc.o(.bss) for .bss
    adc.o(i.MX_ADC1_Init) refers to stm32f1xx_hal_adc.o(i.HAL_ADC_Init) for HAL_ADC_Init
    adc.o(i.MX_ADC1_Init) refers to main.o(i.Error_Handler) for Error_Handler
    adc.o(i.MX_ADC1_Init) refers to stm32f1xx_hal_adc.o(i.HAL_ADC_ConfigChannel) for HAL_ADC_ConfigChannel
    adc.o(i.MX_ADC1_Init) refers to adc.o(.bss) for .bss
    dma.o(i.MX_DMA_Init) refers to stm32f1xx_hal_cortex.o(i.HAL_NVIC_SetPriority) for HAL_NVIC_SetPriority
[...]
    .data                                    0x2000001a   Section        1  usb_host.o(.data)
    .data                                    0x2000001c   Section       30  function_interface.o(.data)
    .data                                    0x2000003c   Section        4  stm32f1xx_ll_usb.o(.data)
    tmpreg                                   0x2000003c   Data           4  stm32f1xx_ll_usb.o(.data)
    .data                                    0x20000040   Section       12  stm32f1xx_hal.o(.data)
    .data                                    0x2000004c   Section        4  system_stm32f1xx.o(.data)
    .data                                    0x20000050   Section        8  ff.o(.data)
    Fsid                                     0x20000050   Data           2  ff.o(.data)
    FatFs                                    0x20000054   Data           4  ff.o(.data)
    .data                                    0x20000058   Section       32  usbh_msc.o(.data)
    .data                                    0x20000078   Section        4  stdout.o(.data)
    .data                                    0x2000007c   Section        4  mvars.o(.data)
    .data                                    0x20000080   Section        4  mvars.o(.data)
    .bss                                     0x20000084   Section       12  main.o(.bss)
    .bss                                     0x20000090   Section       12  main.o(.bss)
    .bss                                     0x2000009c   Section      320  adc.o(.bss)
    .bss                                     0x200001dc   Section       12  adc.o(.bss)
    .bss                                     0x200001e8   Section       24  adc.o(.bss)
    .bss                                     0x20000200   Section       11  usart.o(.bss)
    .bss                                     0x2000020b   Section       11  usart.o(.bss)
    .bss                                     0x20000218   Section      308  usart.o(.bss)
    .bss                                     0x2000034c   Section       24  usart.o(.bss)
    .bss                                     0x20000364   Section       24  usart.o(.bss)
    .bss                                     0x2000037c   Section       24  usart.o(.bss)
    .bss                                     0x20000394   Section       24  usart.o(.bss)
    .bss                                     0x200003ac   Section       24  usart.o(.bss)
    .bss                                     0x200003c4   Section       24  usart.o(.bss)
    .bss                                     0x200003dc   Section       24  usart.o(.bss)
    .bss                                     0x200003f4   Section      976  usb_host.o(.bss)
    .bss                                     0x200007c4   Section      708  usbh_conf.o(.bss)
    .bss                                     0x20000a88   Section     1640  function_interface.o(.bss)
    .bss                                     0x200010f0   Section       32  stm32f1xx_hal_flash.o(.bss)
    .bss                                     0x20001110   Section       24  ff.o(.bss)
    Files                                    0x20001110   Data          24  ff.o(.bss)
    .bss                                     0x20001128   Section       12  ff_gen_drv.o(.bss)
    HEAP                                     0x20001138   Section     8192  startup_stm32f105xc.o(HEAP)
    STACK                                    0x20003138   Section     8192  startup_stm32f105xc.o(STACK)

    Global Symbols

    Symbol Name                              Value     Ov Type        Size  Object(Section)

    BuildAttributes$$THM_ISAv4$P$D$K$B$S$PE$A:L22UL41UL21$X:L11$S22US41US21$IEEE1$IW$USESV6$~STKCKD$USESV7$~SHL$OTIME$ROPI$EBA8$MICROLIB$REQ8$PRES8$EABIv2 0x00000000   Number         0  anon$$obj.o ABSOLUTE
    __ARM_use_no_argv                        0x00000000   Number         0  main.o ABSOLUTE
    _printf_a                                0x00000000   Number         0  stubs.o ABSOLUTE
    _printf_c                                0x00000000   Number         0  stubs.o ABSOLUTE
    _printf_charcount                        0x00000000   Number         0  stubs.o ABSOLUTE
    _printf_d                                0x00000000   Number         0  stubs.o ABSOLUTE
    _printf_e                                0x00000000   Number         0  stubs.o ABSOLUTE
    _printf_f                                0x00000000   Number         0  stubs.o ABSOLUTE
    _printf_flags                            0x00000000   Number         0  stubs.o ABSOLUTE
    _printf_fp_dec                           0x00000000   Number         0  stubs.o ABSOLUTE
    _printf_fp_hex                           0x00000000   Number         0  stubs.o ABSOLUTE
    _printf_g                                0x00000000   Number         0  stubs.o ABSOLUTE
    _printf_i                                0x00000000   Number         0  stubs.o ABSOLUTE
    _printf_int_dec                          0x00000000   Number         0  stubs.o ABSOLUTE
    _printf_l                                0x00000000   Number         0  stubs.o ABSOLUTE
    _printf_lc                               0x00000000   Number         0  stubs.o ABSOLUTE
    _printf_ll                               0x00000000   Number         0  stubs.o ABSOLUTE
    _printf_lld                              0x00000000   Number         0  stubs.o ABSOLUTE
    _printf_lli                              0x00000000   Number         0  stubs.o ABSOLUTE
    _printf_llo                              0x00000000   Number         0  stubs.o ABSOLUTE
    _printf_llu                              0x00000000   Number         0  stubs.o ABSOLUTE
    _printf_llx                              0x00000000   Number         0  stubs.o ABSOLUTE
    _printf_longlong_dec                     0x00000000   Number         0  stubs.o ABSOLUTE
    _printf_longlong_hex                     0x00000000   Number         0  stubs.o ABSOLUTE
    _printf_longlong_oct                     0x00000000   Number         0  stubs.o ABSOLUTE
    _printf_ls                               0x00000000   Number         0  stubs.o ABSOLUTE
    _printf_mbtowc                           0x00000000   Number         0  stubs.o ABSOLUTE
    _printf_n                                0x00000000   Number         0  stubs.o ABSOLUTE
    _printf_o                                0x00000000   Number         0  stubs.o ABSOLUTE
    _printf_p                                0x00000000   Number         0  stubs.o ABSOLUTE
    _printf_percent                          0x00000000   Number         0  stubs.o ABSOLUTE
    _printf_pre_padding                      0x00000000   Number         0  stubs.o ABSOLUTE
    _printf_return_value                     0x00000000   Number         0  stubs.o ABSOLUTE
    _printf_s                                0x00000000   Number         0  stubs.o ABSOLUTE
    _printf_sizespec                         0x00000000   Number         0  stubs.o ABSOLUTE
    _printf_str                              0x00000000   Number         0  stubs.o ABSOLUTE
    _printf_truncate_signed                  0x00000000   Number         0  stubs.o ABSOLUTE
    _printf_truncate_unsigned                0x00000000   Number         0  stubs.o ABSOLUTE
    _printf_u                                0x00000000   Number         0  stubs.o ABSOLUTE
    _printf_wc                               0x00000000   Number         0  stubs.o ABSOLUTE
    _printf_wctomb                           0x00000000   Number         0  stubs.o ABSOLUTE
    _printf_widthprec                        0x00000000   Number         0  stubs.o ABSOLUTE
    _printf_x                                0x00000000   Number         0  stubs.o ABSOLUTE
    __cpp_initialize__aeabi_                  - Undefined Weak Reference
    __cxa_finalize                            - Undefined Weak Reference
    __decompress                              - Undefined Weak Reference
    _clock_init                               - Undefined Weak Reference
    _microlib_exit                            - Undefined Weak Reference
    __Vectors_Size                           0x00000150   Number         0  startup_stm32f105xc.o ABSOLUTE
    __Vectors                                0x08000000   Data           4  startup_stm32f105xc.o(RESET)
    __Vectors_End                            0x08000150   Data           0  startup_stm32f105xc.o(RESET)
    __main                                   0x08000151   Thumb Code     0  entry.o(.ARM.Collect$$$$00000000)
    _main_stk                                0x08000151   Thumb Code     0  entry2.o(.ARM.Collect$$$$00000001)
    _main_scatterload                        0x08000155   Thumb Code     0  entry5.o(.ARM.Collect$$$$00000004)
    __main_after_scatterload                 0x08000159   Thumb Code     0  entry5.o(.ARM.Collect$$$$00000004)
    _main_clock                              0x08000159   Thumb Code     0  entry7b.o(.ARM.Collect$$$$00000008)
    _main_cpp_init                           0x08000159   Thumb Code     0  entry8b.o(.ARM.Collect$$$$0000000A)
    _main_init                               0x08000159   Thumb Code     0  entry9a.o(.ARM.Collect$$$$0000000B)
    __rt_final_cpp                           0x08000161   Thumb Code     0  entry10a.o(.ARM.Collect$$$$0000000D)
    __rt_final_exit                          0x08000161   Thumb Code     0  entry11a.o(.ARM.Collect$$$$0000000F)
    Reset_Handler                            0x08000165   Thumb Code     8  startup_stm32f105xc.o(.text)
    ADC1_2_IRQHandler                        0x0800017f   Thumb Code     0  startup_stm32f105xc.o(.text)
    CAN1_RX0_IRQHandler                      0x0800017f   Thumb Code     0  startup_stm32f105xc.o(.text)
    CAN1_RX1_IRQHandler                      0x0800017f   Thumb Code     0  startup_stm32f105xc.o(.text)
    CAN1_SCE_IRQHandler                      0x0800017f   Thumb Code     0  startup_stm32f105xc.o(.text)
    CAN1_TX_IRQHandler                       0x0800017f   Thumb Code     0  startup_stm32f105xc.o(.text)
    CAN2_RX0_IRQHandler                      0x0800017f   Thumb Code     0  startup_stm32f105xc.o(.text)
    CAN2_RX1_IRQHandler                      0x0800017f   Thumb Code     0  startup_stm32f105xc.o(.text)
    CAN2_SCE_IRQHandler                      0x0800017f   Thumb Code     0  startup_stm32f105xc.o(.text)
    CAN2_TX_IRQHandler                       0x0800017f   Thumb Code     0  startup_stm32f105xc.o(.text)
    DMA1_Channel2_IRQHandler                 0x0800017f   Thumb Code     0  startup_stm32f105xc.o(.text)
    DMA1_Channel3_IRQHandler                 0x0800017f   Thumb Code     0  startup_stm32f105xc.o(.text)
    DMA1_Channel4_IRQHandler                 0x0800017f   Thumb Code     0  startup_stm32f105xc.o(.text)
    DMA1_Channel5_IRQHandler                 0x0800017f   Thumb Code     0  startup_stm32f105xc.o(.text)
    DMA1_Channel6_IRQHandler                 0x0800017f   Thumb Code     0  startup_stm32f105xc.o(.text)
    DMA1_Channel7_IRQHandler                 0x0800017f   Thumb Code     0  startup_stm32f105xc.o(.text)
    DMA2_Channel1_IRQHandler                 0x0800017f   Thumb Code     0  startup_stm32f105xc.o(.text)
    DMA2_Channel2_IRQHandler                 0x0800017f   Thumb Code     0  startup_stm32f105xc.o(.text)
    DMA2_Channel3_IRQHandler                 0x0800017f   Thumb Code     0  startup_stm32f105xc.o(.text)
    DMA2_Channel4_IRQHandler                 0x0800017f   Thumb Code     0  startup_stm32f105xc.o(.text)
    DMA2_Channel5_IRQHandler                 0x0800017f   Thumb Code     0  startup_stm32f105xc.o(.text)
    EXTI0_IRQHandler                         0x0800017f   Thumb Code     0  startup_stm32f105xc.o(.text)
    EXTI15_10_IRQHandler                     0x0800017f   Thumb Code     0  startup_stm32f105xc.o(.text)
    EXTI1_IRQHandler                         0x0800017f   Thumb Code     0  startup_stm32f105xc.o(.text)
    EXTI2_IRQHandler                         0x0800017f   Thumb Code     0  startup_stm32f105xc.o(.text)
    EXTI3_IRQHandler                         0x0800017f   Thumb Code     0  startup_stm32f105xc.o(.text)
    EXTI4_IRQHandler                         0x0800017f   Thumb Code     0  startup_stm32f105xc.o(.text)
    EXTI9_5_IRQHandler                       0x0800017f   Thumb Code     0  startup_stm32f105xc.o(.text)
    FLASH_IRQHandler                         0x0800017f   Thumb Code     0  startup_stm32f105xc.o(.text)
    I2C1_ER_IRQHandler                       0x0800017f   Thumb Code     0  startup_stm32f105xc.o(.text)
    I2C1_EV_IRQHandler                       0x0800017f   Thumb Code     0  startup_stm32f105xc.o(.text)
    I2C2_ER_IRQHandler                       0x0800017f   Thumb Code     0  startup_stm32f105xc.o(.text)
    I2C2_EV_IRQHandler                       0x0800017f   Thumb Code     0  startup_stm32f105xc.o(.text)
    OTG_FS_WKUP_IRQHandler                   0x0800017f   Thumb Code     0  startup_stm32f105xc.o(.text)
    PVD_IRQHandler                           0x0800017f   Thumb Code     0  startup_stm32f105xc.o(.text)
    RCC_IRQHandler                           0x0800017f   Thumb Code     0  startup_stm32f105xc.o(.text)
    RTC_Alarm_IRQHandler                     0x0800017f   Thumb Code     0  startup_stm32f105xc.o(.text)
    RTC_IRQHandler                           0x0800017f   Thumb Code     0  startup_stm32f105xc.o(.text)
    SPI1_IRQHandler                          0x0800017f   Thumb Code     0  startup_stm32f105xc.o(.text)
    SPI2_IRQHandler                          0x0800017f   Thumb Code     0  startup_stm32f105xc.o(.text)
    SPI3_IRQHandler                          0x0800017f   Thumb Code     0  startup_stm32f105xc.o(.text)
    TAMPER_IRQHandler                        0x0800017f   Thumb Code     0  startup_stm32f105xc.o(.text)
    TIM1_BRK_IRQHandler                      0x0800017f   Thumb Code     0  startup_stm32f105xc.o(.text)
    TIM1_CC_IRQHandler                       0x0800017f   Thumb Code     0  startup_stm32f105xc.o(.text)
    TIM1_TRG_COM_IRQHandler                  0x0800017f   Thumb Code     0  startup_stm32f105xc.o(.text)
    TIM1_UP_IRQHandler                       0x0800017f   Thumb Code     0  startup_stm32f105xc.o(.text)
    TIM2_IRQHandler                          0x0800017f   Thumb Code     0  startup_stm32f105xc.o(.text)
    TIM3_IRQHandler                          0x0800017f   Thumb Code     0  startup_stm32f105xc.o(.text)
    TIM4_IRQHandler                          0x0800017f   Thumb Code     0  startup_stm32f105xc.o(.text)
    TIM5_IRQHandler                          0x0800017f   Thumb Code     0  startup_stm32f105xc.o(.text)
    TIM6_IRQHandler                          0x0800017f   Thumb Code     0  startup_stm32f105xc.o(.text)
    TIM7_IRQHandler                          0x0800017f   Thumb Code     0  startup_stm32f105xc.o(.text)
    USART1_IRQHandler                        0x0800017f   Thumb Code     0  startup_stm32f105xc.o(.text)
    USART2_IRQHandler                        0x0800017f   Thumb Code     0  startup_stm32f105xc.o(.text)
    WWDG_IRQHandler                          0x0800017f   Thumb Code     0  startup_stm32f105xc.o(.text)
    __aeabi_uldivmod                         0x08000189   Thumb Code    98  uldiv.o(.text)
    __aeabi_llsr                             0x080001eb   Thumb Code    32  llushr.o(.text)
    _ll_ushift_r                             0x080001eb   Thumb Code     0  llushr.o(.text)
    __aeabi_memcpy                           0x0800020b   Thumb Code    36  memcpya.o(.text)
    __aeabi_memcpy4                          0x0800020b   Thumb Code     0  memcpya.o(.text)
    __aeabi_memcpy8                          0x0800020b   Thumb Code     0  memcpya.o(.text)
    __aeabi_memset                           0x0800022f   Thumb Code    14  memseta.o(.text)
    __aeabi_memset4                          0x0800022f   Thumb Code     0  memseta.o(.text)
    __aeabi_memset8                          0x0800022f   Thumb Code     0  memseta.o(.text)
    __aeabi_memclr                           0x0800023d   Thumb Code     4  memseta.o(.text)
    __aeabi_memclr4                          0x0800023d   Thumb Code     0  memseta.o(.text)
    __aeabi_memclr8                          0x0800023d   Thumb Code     0  memseta.o(.text)
    _memset$wrapper                          0x08000241   Thumb Code    18  memseta.o(.text)
    __aeabi_fmul                             0x08000253   Thumb Code   100  fmul.o(.text)
    __aeabi_fdiv                             0x080002b7   Thumb Code   124  fdiv.o(.text)
    __aeabi_dadd                             0x08000333   Thumb Code   322  dadd.o(.text)
    __aeabi_dsub                             0x08000475   Thumb Code     6  dadd.o(.text)
    __aeabi_drsub                            0x0800047b   Thumb Code     6  dadd.o(.text)
    __aeabi_dmul                             0x08000481   Thumb Code   228  dmul.o(.text)
    __aeabi_i2f                              0x08000565   Thumb Code    18  fflti.o(.text)
    __aeabi_i2d                              0x08000577   Thumb Code    34  dflti.o(.text)
    __aeabi_f2iz                             0x08000599   Thumb Code    50  ffixi.o(.text)
    __aeabi_d2iz                             0x080005cb   Thumb Code    62  dfixi.o(.text)
    __aeabi_llsl                             0x08000609   Thumb Code    30  llshl.o(.text)
    _ll_shift_l                              0x08000609   Thumb Code     0  llshl.o(.text)
    __aeabi_lasr                             0x08000627   Thumb Code    36  llsshr.o(.text)
    _ll_sshift_r                             0x08000627   Thumb Code     0  llsshr.o(.text)
    __I$use$fp                               0x0800064b   Thumb Code     0  iusefp.o(.text)
    _float_round                             0x0800064b   Thumb Code    18  fepilogue.o(.text)
    _float_epilogue                          0x0800065d   Thumb Code    92  fepilogue.o(.text)
    _double_round                            0x080006b9   Thumb Code    30  depilogue.o(.text)
    _double_epilogue                         0x080006d7   Thumb Code   156  depilogue.o(.text)
    __scatterload                            0x08000775   Thumb Code    28  init.o(.text)
    __scatterload_rt2                        0x08000775   Thumb Code     0  init.o(.text)
    ADC_Ave                                  0x08000799   Thumb Code   270  adc.o(i.ADC_Ave)
    ADC_ConversionStop_Disable               0x080008b5   Thumb Code    76  stm32f1xx_hal_adc.o(i.ADC_ConversionStop_Disable)
    ADC_DMAConvCplt                          0x08000901   Thumb Code    78  stm32f1xx_hal_adc.o(i.ADC_DMAConvCplt)
    ADC_DMAError                             0x0800094f   Thumb Code    26  stm32f1xx_hal_adc.o(i.ADC_DMAError)
    ADC_DMAHalfConvCplt                      0x08000969   Thumb Code    10  stm32f1xx_hal_adc.o(i.ADC_DMAHalfConvCplt)
    ADC_Enable                               0x08000975   Thumb Code   104  stm32f1xx_hal_adc.o(i.ADC_Enable)
    ADC_VTrans                               0x080009e5   Thumb Code    34  adc.o(i.ADC_VTrans)
    BusFault_Handler                         0x08000a11   Thumb Code     2  stm32f1xx_it.o(i.BusFault_Handler)
    DMA1_Channel1_IRQHandler                 0x08000a15   Thumb Code     6  stm32f1xx_it.o(i.DMA1_Channel1_IRQHandler)
    DaoChu                                   0x08000a4d   Thumb Code   170  function_interface.o(i.DaoChu)
    Data_Extremum                            0x08000b4d   Thumb Code    66  function_interface.o(i.Data_Extremum)
    DebugMon_Handler                         0x08000c11   Thumb Code     2  stm32f1xx_it.o(i.DebugMon_Handler)
    Erase_flash                              0x08000c13   Thumb Code    34  function_interface.o(i.Erase_flash)
    Error_Handler                            0x08000c35   Thumb Code     2  main.o(i.Error_Handler)
    FATFS_LinkDriver                         0x08000c37   Thumb Code     6  ff_gen_drv.o(i.FATFS_LinkDriver)
    FATFS_LinkDriverEx                       0x08000c3d   Thumb Code    60  ff_gen_drv.o(i.FATFS_LinkDriverEx)
    FLASH_PageErase                          0x08000ca1   Thumb Code    28  stm32f1xx_hal_flash_ex.o(i.FLASH_PageErase)
    FLASH_WaitForLastOperation               0x08000d3d   Thumb Code    80  stm32f1xx_hal_flash.o(i.FLASH_WaitForLastOperation)
    Flash_Read_Words                         0x08000d91   Thumb Code    22  function_interface.o(i.Flash_Read_Words)
    Flash_Write_words                        0x08000da9   Thumb Code    44  function_interface.o(i.Flash_Write_words)
    Get_Real_Time_data                       0x08000dd5   Thumb Code   228  function_interface.o(i.Get_Real_Time_data)
    GongCha                                  0x08000ef9   Thumb Code   472  function_interface.o(i.GongCha)
    HAL_ADCEx_Calibration_Start              0x08001115   Thumb Code   194  stm32f1xx_hal_adc_ex.o(i.HAL_ADCEx_Calibration_Start)
    HAL_ADC_ConfigChannel                    0x080011dd   Thumb Code   240  stm32f1xx_hal_adc.o(i.HAL_ADC_ConfigChannel)
    HAL_ADC_ConvCpltCallback                 0x080012d9   Thumb Code     2  stm32f1xx_hal_adc.o(i.HAL_ADC_ConvCpltCallback)
    HAL_ADC_ConvHalfCpltCallback             0x080012db   Thumb Code     2  stm32f1xx_hal_adc.o(i.HAL_ADC_ConvHalfCpltCallback)
    HAL_ADC_ErrorCallback                    0x080012dd   Thumb Code     2  stm32f1xx_hal_adc.o(i.HAL_ADC_ErrorCallback)
    HAL_ADC_Init                             0x080012e1   Thumb Code   272  stm32f1xx_hal_adc.o(i.HAL_ADC_Init)
    HAL_ADC_MspInit                          0x080013fd   Thumb Code   122  adc.o(i.HAL_ADC_MspInit)
    HAL_ADC_Start_DMA                        0x0800148d   Thumb Code   246  stm32f1xx_hal_adc.o(i.HAL_ADC_Start_DMA)
    HAL_DMA_Abort_IT                         0x08001599   Thumb Code   296  stm32f1xx_hal_dma.o(i.HAL_DMA_Abort_IT)
    HAL_DMA_IRQHandler                       0x080016c9   Thumb Code   552  stm32f1xx_hal_dma.o(i.HAL_DMA_IRQHandler)
    HAL_DMA_Init                             0x08001911   Thumb Code   112  stm32f1xx_hal_dma.o(i.HAL_DMA_Init)
    HAL_DMA_Start_IT                         0x0800198d   Thumb Code   112  stm32f1xx_hal_dma.o(i.HAL_DMA_Start_IT)
    HAL_Delay                                0x080019fd   Thumb Code    32  stm32f1xx_hal.o(i.HAL_Delay)
    HAL_FLASHEx_Erase                        0x08001a21   Thumb Code   160  stm32f1xx_hal_flash_ex.o(i.HAL_FLASHEx_Erase)
    HAL_FLASH_Lock                           0x08001ac9   Thumb Code    14  stm32f1xx_hal_flash.o(i.HAL_FLASH_Lock)
    HAL_FLASH_Program                        0x08001add   Thumb Code   120  stm32f1xx_hal_flash.o(i.HAL_FLASH_Program)
    HAL_FLASH_Unlock                         0x08001b5d   Thumb Code    28  stm32f1xx_hal_flash.o(i.HAL_FLASH_Unlock)
    HAL_GPIO_Init                            0x08001b85   Thumb Code   446  stm32f1xx_hal_gpio.o(i.HAL_GPIO_Init)
    HAL_GPIO_WritePin                        0x08001d65   Thumb Code    10  stm32f1xx_hal_gpio.o(i.HAL_GPIO_WritePin)
    HAL_GetTick                              0x08001d71   Thumb Code     6  stm32f1xx_hal.o(i.HAL_GetTick)
    HAL_HCD_Connect_Callback                 0x08001d7d   Thumb Code     8  usbh_conf.o(i.HAL_HCD_Connect_Callback)
    HAL_HCD_Disconnect_Callback              0x08001d85   Thumb Code     8  usbh_conf.o(i.HAL_HCD_Disconnect_Callback)
    HAL_HCD_GetCurrentFrame                  0x08001d8d   Thumb Code     6  stm32f1xx_hal_hcd.o(i.HAL_HCD_GetCurrentFrame)
    HAL_HCD_GetCurrentSpeed                  0x08001d93   Thumb Code     6  stm32f1xx_hal_hcd.o(i.HAL_HCD_GetCurrentSpeed)
    HAL_HCD_HC_GetURBState                   0x08001d99   Thumb Code    14  stm32f1xx_hal_hcd.o(i.HAL_HCD_HC_GetURBState)
    HAL_HCD_HC_GetXferCount                  0x08001da7   Thumb Code    12  stm32f1xx_hal_hcd.o(i.HAL_HCD_HC_GetXferCount)
    HAL_HCD_HC_Halt                          0x08001db3   Thumb Code    36  stm32f1xx_hal_hcd.o(i.HAL_HCD_HC_Halt)
    HAL_HCD_HC_Init                          0x08001dd7   Thumb Code   114  stm32f1xx_hal_hcd.o(i.HAL_HCD_HC_Init)
    HAL_HCD_HC_NotifyURBChange_Callback      0x08001e49   Thumb Code     2  usbh_conf.o(i.HAL_HCD_HC_NotifyURBChange_Callback)
    HAL_HCD_HC_SubmitRequest                 0x08001e4b   Thumb Code   146  stm32f1xx_hal_hcd.o(i.HAL_HCD_HC_SubmitRequest)
    HAL_HCD_IRQHandler                       0x08001edd   Thumb Code   304  stm32f1xx_hal_hcd.o(i.HAL_HCD_IRQHandler)
    HAL_HCD_Init                             0x0800200d   Thumb Code   114  stm32f1xx_hal_hcd.o(i.HAL_HCD_Init)
    HAL_HCD_MspInit                          0x08002081   Thumb Code    50  usbh_conf.o(i.HAL_HCD_MspInit)
    HAL_HCD_PortDisabled_Callback            0x080020b9   Thumb Code     8  usbh_conf.o(i.HAL_HCD_PortDisabled_Callback)
    HAL_HCD_PortEnabled_Callback             0x080020c1   Thumb Code     8  usbh_conf.o(i.HAL_HCD_PortEnabled_Callback)
    HAL_HCD_ResetPort                        0x080020c9   Thumb Code     6  stm32f1xx_hal_hcd.o(i.HAL_HCD_ResetPort)
    HAL_HCD_SOF_Callback                     0x080020cf   Thumb Code     8  usbh_conf.o(i.HAL_HCD_SOF_Callback)
    HAL_HCD_Start                            0x080020d7   Thumb Code    44  stm32f1xx_hal_hcd.o(i.HAL_HCD_Start)
    HAL_HCD_Stop                             0x08002103   Thumb Code    36  stm32f1xx_hal_hcd.o(i.HAL_HCD_Stop)
    HAL_IncTick                              0x08002129   Thumb Code    12  stm32f1xx_hal.o(i.HAL_IncTick)
    HAL_Init                                 0x08002139   Thumb Code    32  stm32f1xx_hal.o(i.HAL_Init)
    HAL_InitTick                             0x0800215d   Thumb Code    54  stm32f1xx_hal.o(i.HAL_InitTick)
    HAL_MspInit                              0x0800219d   Thumb Code    52  stm32f1xx_hal_msp.o(i.HAL_MspInit)
    HAL_NVIC_DisableIRQ                      0x080021d9   Thumb Code    34  stm32f1xx_hal_cortex.o(i.HAL_NVIC_DisableIRQ)
    HAL_NVIC_EnableIRQ                       0x080021fb   Thumb Code    26  stm32f1xx_hal_cortex.o(i.HAL_NVIC_EnableIRQ)
    HAL_NVIC_SetPriority                     0x08002215   Thumb Code    60  stm32f1xx_hal_cortex.o(i.HAL_NVIC_SetPriority)
    HAL_NVIC_SetPriorityGrouping             0x08002255   Thumb Code    26  stm32f1xx_hal_cortex.o(i.HAL_NVIC_SetPriorityGrouping)
    HAL_RCCEx_GetPeriphCLKFreq               0x08002279   Thumb Code   270  stm32f1xx_hal_rcc_ex.o(i.HAL_RCCEx_GetPeriphCLKFreq)
    HAL_RCCEx_PeriphCLKConfig                0x080023b5   Thumb Code   374  stm32f1xx_hal_rcc_ex.o(i.HAL_RCCEx_PeriphCLKConfig)
    HAL_RCC_ClockConfig                      0x0800253d   Thumb Code   280  stm32f1xx_hal_rcc.o(i.HAL_RCC_ClockConfig)
    HAL_RCC_GetPCLK1Freq                     0x08002669   Thumb Code    20  stm32f1xx_hal_rcc.o(i.HAL_RCC_GetPCLK1Freq)
    HAL_RCC_GetPCLK2Freq                     0x08002689   Thumb Code    20  stm32f1xx_hal_rcc.o(i.HAL_RCC_GetPCLK2Freq)
    HAL_RCC_GetSysClockFreq                  0x080026a9   Thumb Code   142  stm32f1xx_hal_rcc.o(i.HAL_RCC_GetSysClockFreq)
    HAL_RCC_OscConfig                        0x08002765   Thumb Code   974  stm32f1xx_hal_rcc.o(i.HAL_RCC_OscConfig)
    HAL_SYSTICK_Config                       0x08002b49   Thumb Code    40  stm32f1xx_hal_cortex.o(i.HAL_SYSTICK_Config)
    HAL_UART_ErrorCallback                   0x08002b71   Thumb Code     2  stm32f1xx_hal_uart.o(i.HAL_UART_ErrorCallback)
    HAL_UART_IRQHandler                      0x08002b75   Thumb Code   266  stm32f1xx_hal_uart.o(i.HAL_UART_IRQHandler)
    HAL_UART_Init                            0x08002c85   Thumb Code    98  stm32f1xx_hal_uart.o(i.HAL_UART_Init)
    HAL_UART_MspInit                         0x08002ce9   Thumb Code   370  usart.o(i.HAL_UART_MspInit)
    HAL_UART_Receive_IT                      0x08002e81   Thumb Code    82  stm32f1xx_hal_uart.o(i.HAL_UART_Receive_IT)
    HAL_UART_RxCpltCallback                  0x08002ed5   Thumb Code   188  usart.o(i.HAL_UART_RxCpltCallback)
    HAL_UART_Transmit                        0x08002fe5   Thumb Code   186  stm32f1xx_hal_uart.o(i.HAL_UART_Transmit)
    HAL_UART_TxCpltCallback                  0x0800309f   Thumb Code     2  stm32f1xx_hal_uart.o(i.HAL_UART_TxCpltCallback)
    HardFault_Handler                        0x08003639   Thumb Code     2  stm32f1xx_it.o(i.HardFault_Handler)
    JiaoZhun                                 0x0800363d   Thumb Code   664  function_interface.o(i.JiaoZhun)
    LCD_CeLiang                              0x0800392d   Thumb Code   860  function_interface.o(i.LCD_CeLiang)
    LCD_ShouYe                               0x08003d31   Thumb Code   104  function_interface.o(i.LCD_ShouYe)
    MSC_Application                          0x08003dd1   Thumb Code   404  function_interface.o(i.MSC_Application)
    MX_ADC1_Init                             0x08004079   Thumb Code   172  adc.o(i.MX_ADC1_Init)
    MX_DMA_Init                              0x0800412d   Thumb Code    40  dma.o(i.MX_DMA_Init)
    MX_FATFS_Init                            0x08004159   Thumb Code    18  fatfs.o(i.MX_FATFS_Init)
    MX_GPIO_Init                             0x08004175   Thumb Code   120  gpio.o(i.MX_GPIO_Init)
    MX_UART4_Init                            0x080041f5   Thumb Code    48  usart.o(i.MX_UART4_Init)
    MX_UART5_Init                            0x0800422d   Thumb Code    48  usart.o(i.MX_UART5_Init)
    MX_USART2_UART_Init                      0x08004265   Thumb Code    48  usart.o(i.MX_USART2_UART_Init)
    MX_USART3_UART_Init                      0x0800429d   Thumb Code    48  usart.o(i.MX_USART3_UART_Init)
    MX_USB_HOST_Init                         0x080042d5   Thumb Code    52  usb_host.o(i.MX_USB_HOST_Init)
    MX_USB_HOST_Process                      0x08004315   Thumb Code     6  usb_host.o(i.MX_USB_HOST_Process)
    MemManage_Handler                        0x08004321   Thumb Code     2  stm32f1xx_it.o(i.MemManage_Handler)
    NMI_Handler                              0x08004323   Thumb Code     2  stm32f1xx_it.o(i.NMI_Handler)
    OTG_FS_IRQHandler                        0x08004325   Thumb Code     6  stm32f1xx_it.o(i.OTG_FS_IRQHandler)
    PendSV_Handler                           0x08004331   Thumb Code     2  stm32f1xx_it.o(i.PendSV_Handler)
    SVC_Handler                              0x08004333   Thumb Code     2  stm32f1xx_it.o(i.SVC_Handler)
    Send_Data_Iint                           0x08004335   Thumb Code   358  function_interface.o(i.Send_Data_Iint)
    SysTick_Handler                          0x0800451d   Thumb Code     4  stm32f1xx_it.o(i.SysTick_Handler)
    SystemClock_Config                       0x08004521   Thumb Code   110  main.o(i.SystemClock_Config)
    SystemInit                               0x08004595   Thumb Code    68  system_stm32f1xx.o(i.SystemInit)
    Touch_check                              0x080045e9   Thumb Code  2308  function_interface.o(i.Touch_check)
    UART4_IRQHandler                         0x08004fe1   Thumb Code     6  stm32f1xx_it.o(i.UART4_IRQHandler)
    UART5_IRQHandler                         0x08004fed   Thumb Code     6  stm32f1xx_it.o(i.UART5_IRQHandler)
    USART3_IRQHandler                        0x0800523d   Thumb Code     6  stm32f1xx_it.o(i.USART3_IRQHandler)
    USBH_AllocPipe                           0x08005249   Thumb Code    56  usbh_pipes.o(i.USBH_AllocPipe)
    USBH_BulkReceiveData                     0x08005281   Thumb Code    32  usbh_ioreq.o(i.USBH_BulkReceiveData)
    USBH_BulkSendData                        0x080052a1   Thumb Code    40  usbh_ioreq.o(i.USBH_BulkSendData)
    USBH_ClosePipe                           0x080052c9   Thumb Code    10  usbh_pipes.o(i.USBH_ClosePipe)
    USBH_ClrFeature                          0x080052d3   Thumb Code    30  usbh_ctlreq.o(i.USBH_ClrFeature)
    USBH_CtlReceiveData                      0x080052f1   Thumb Code    30  usbh_ioreq.o(i.USBH_CtlReceiveData)
    USBH_CtlReq                              0x0800530f   Thumb Code    58  usbh_ctlreq.o(i.USBH_CtlReq)
    USBH_CtlSendData                         0x08005349   Thumb Code    40  usbh_ioreq.o(i.USBH_CtlSendData)
    USBH_CtlSendSetup                        0x08005371   Thumb Code    30  usbh_ioreq.o(i.USBH_CtlSendSetup)
    USBH_Delay                               0x0800538f   Thumb Code     4  usbh_conf.o(i.USBH_Delay)
    USBH_FindInterface                       0x08005395   Thumb Code    68  usbh_core.o(i.USBH_FindInterface)
    USBH_FreePipe                            0x080053d9   Thumb Code    24  usbh_pipes.o(i.USBH_FreePipe)
    USBH_GetDescriptor                       0x080053f1   Thumb Code    52  usbh_ctlreq.o(i.USBH_GetDescriptor)
    USBH_GetNextDesc                         0x08005425   Thumb Code    14  usbh_ctlreq.o(i.USBH_GetNextDesc)
    USBH_Get_CfgDesc                         0x08005433   Thumb Code    44  usbh_ctlreq.o(i.USBH_Get_CfgDesc)
    USBH_Get_DevDesc                         0x0800545f   Thumb Code   144  usbh_ctlreq.o(i.USBH_Get_DevDesc)
    USBH_Get_StringDesc                      0x080054ef   Thumb Code    72  usbh_ctlreq.o(i.USBH_Get_StringDesc)
    USBH_Get_USB_Status                      0x08005537   Thumb Code    24  usbh_conf.o(i.USBH_Get_USB_Status)
    USBH_Init                                0x08005925   Thumb Code    80  usbh_core.o(i.USBH_Init)
    USBH_LL_ClosePipe                        0x08005995   Thumb Code    18  usbh_conf.o(i.USBH_LL_ClosePipe)
    USBH_LL_Connect                          0x080059a7   Thumb Code    20  usbh_core.o(i.USBH_LL_Connect)
    USBH_LL_Disconnect                       0x080059bb   Thumb Code    46  usbh_core.o(i.USBH_LL_Disconnect)
    USBH_LL_DriverVBUS                       0x080059e9   Thumb Code    12  usbh_conf.o(i.USBH_LL_DriverVBUS)
    USBH_LL_GetLastXferSize                  0x080059f5   Thumb Code     8  usbh_conf.o(i.USBH_LL_GetLastXferSize)
    USBH_LL_GetSpeed                         0x080059fd   Thumb Code    34  usbh_conf.o(i.USBH_LL_GetSpeed)
    USBH_LL_GetToggle                        0x08005a1f   Thumb Code    30  usbh_conf.o(i.USBH_LL_GetToggle)
    USBH_LL_GetURBState                      0x08005a3d   Thumb Code     8  usbh_conf.o(i.USBH_LL_GetURBState)
    USBH_LL_IncTimer                         0x08005a45   Thumb Code    30  usbh_core.o(i.USBH_LL_IncTimer)
    USBH_LL_Init                             0x08005a65   Thumb Code    68  usbh_conf.o(i.USBH_LL_Init)
    USBH_LL_OpenPipe                         0x08005aad   Thumb Code    28  usbh_conf.o(i.USBH_LL_OpenPipe)
    USBH_LL_PortDisabled                     0x08005ac9   Thumb Code     8  usbh_core.o(i.USBH_LL_PortDisabled)
    USBH_LL_PortEnabled                      0x08005ad1   Thumb Code     8  usbh_core.o(i.USBH_LL_PortEnabled)
    USBH_LL_ResetPort                        0x08005ad9   Thumb Code    18  usbh_conf.o(i.USBH_LL_ResetPort)
    USBH_LL_SetTimer                         0x08005aeb   Thumb Code     6  usbh_core.o(i.USBH_LL_SetTimer)
    USBH_LL_SetToggle                        0x08005af1   Thumb Code    32  usbh_conf.o(i.USBH_LL_SetToggle)
    USBH_LL_Start                            0x08005b11   Thumb Code    18  usbh_conf.o(i.USBH_LL_Start)
    USBH_LL_Stop                             0x08005b23   Thumb Code    18  usbh_conf.o(i.USBH_LL_Stop)
    USBH_LL_SubmitURB                        0x08005b35   Thumb Code    34  usbh_conf.o(i.USBH_LL_SubmitURB)
    USBH_MSC_BOT_Init                        0x08005b75   Thumb Code    26  usbh_msc_bot.o(i.USBH_MSC_BOT_Init)
    USBH_MSC_BOT_Process                     0x08005b99   Thumb Code   470  usbh_msc_bot.o(i.USBH_MSC_BOT_Process)
    USBH_MSC_BOT_REQ_GetMaxLUN               0x08005d75   Thumb Code    22  usbh_msc_bot.o(i.USBH_MSC_BOT_REQ_GetMaxLUN)
    USBH_MSC_BOT_REQ_Reset                   0x08005d8b   Thumb Code    22  usbh_msc_bot.o(i.USBH_MSC_BOT_REQ_Reset)
    USBH_MSC_GetLUNInfo                      0x08005e45   Thumb Code    46  usbh_msc.o(i.USBH_MSC_GetLUNInfo)
    USBH_MSC_Read                            0x080065e9   Thumb Code   138  usbh_msc.o(i.USBH_MSC_Read)
    USBH_MSC_SCSI_Inquiry                    0x08006673   Thumb Code   212  usbh_msc_scsi.o(i.USBH_MSC_SCSI_Inquiry)
    USBH_MSC_SCSI_Read                       0x08006747   Thumb Code   128  usbh_msc_scsi.o(i.USBH_MSC_SCSI_Read)
    USBH_MSC_SCSI_ReadCapacity               0x080067c7   Thumb Code   122  usbh_msc_scsi.o(i.USBH_MSC_SCSI_ReadCapacity)
    USBH_MSC_SCSI_RequestSense               0x08006841   Thumb Code   146  usbh_msc_scsi.o(i.USBH_MSC_SCSI_RequestSense)
    USBH_MSC_SCSI_TestUnitReady              0x080068d3   Thumb Code    76  usbh_msc_scsi.o(i.USBH_MSC_SCSI_TestUnitReady)
    USBH_MSC_SCSI_Write                      0x0800691f   Thumb Code   128  usbh_msc_scsi.o(i.USBH_MSC_SCSI_Write)
    USBH_MSC_UnitIsReady                     0x080069a3   Thumb Code    38  usbh_msc.o(i.USBH_MSC_UnitIsReady)
    USBH_MSC_Write                           0x080069c9   Thumb Code   138  usbh_msc.o(i.USBH_MSC_Write)
    USBH_OpenPipe                            0x08006a53   Thumb Code    20  usbh_pipes.o(i.USBH_OpenPipe)
    USBH_Process                             0x08006b45   Thumb Code   622  usbh_core.o(i.USBH_Process)
    USBH_RegisterClass                       0x08006f19   Thumb Code    58  usbh_core.o(i.USBH_RegisterClass)
    USBH_SelectInterface                     0x08006f95   Thumb Code   120  usbh_core.o(i.USBH_SelectInterface)
    USBH_SetAddress                          0x08007089   Thumb Code    28  usbh_ctlreq.o(i.USBH_SetAddress)
    USBH_SetCfg                              0x080070a5   Thumb Code    28  usbh_ctlreq.o(i.USBH_SetCfg)
    USBH_SetFeature                          0x080070c1   Thumb Code    28  usbh_ctlreq.o(i.USBH_SetFeature)
    USBH_Start                               0x080070dd   Thumb Code    20  usbh_core.o(i.USBH_Start)
    USBH_initialize                          0x080071c5   Thumb Code     4  usbh_diskio.o(i.USBH_initialize)
    USBH_ioctl                               0x080071c9   Thumb Code    74  usbh_diskio.o(i.USBH_ioctl)
    USBH_read                                0x08007219   Thumb Code    84  usbh_diskio.o(i.USBH_read)
    USBH_status                              0x08007295   Thumb Code    20  usbh_diskio.o(i.USBH_status)
    USBH_write                               0x080072ad   Thumb Code   110  usbh_diskio.o(i.USBH_write)
    USB_CoreInit                             0x08007365   Thumb Code    82  stm32f1xx_ll_usb.o(i.USB_CoreInit)
    USB_DisableGlobalInt                     0x080073f5   Thumb Code    12  stm32f1xx_ll_usb.o(i.USB_DisableGlobalInt)
    USB_DriveVbus                            0x08007401   Thumb Code    44  stm32f1xx_ll_usb.o(i.USB_DriveVbus)
    USB_EnableGlobalInt                      0x0800742d   Thumb Code    12  stm32f1xx_ll_usb.o(i.USB_EnableGlobalInt)
    USB_FlushRxFifo                          0x08007439   Thumb Code    28  stm32f1xx_ll_usb.o(i.USB_FlushRxFifo)
    USB_FlushTxFifo                          0x08007459   Thumb Code    32  stm32f1xx_ll_usb.o(i.USB_FlushTxFifo)
    USB_GetCurrentFrame                      0x0800747d   Thumb Code     8  stm32f1xx_ll_usb.o(i.USB_GetCurrentFrame)
    USB_GetHostSpeed                         0x08007485   Thumb Code    14  stm32f1xx_ll_usb.o(i.USB_GetHostSpeed)
    USB_GetMode                              0x08007493   Thumb Code     8  stm32f1xx_ll_usb.o(i.USB_GetMode)
    USB_HC_Halt                              0x0800749b   Thumb Code   194  stm32f1xx_ll_usb.o(i.USB_HC_Halt)
    USB_HC_Init                              0x0800755d   Thumb Code   216  stm32f1xx_ll_usb.o(i.USB_HC_Init)
    USB_HC_ReadInterrupt                     0x08007635   Thumb Code     8  stm32f1xx_ll_usb.o(i.USB_HC_ReadInterrupt)
    USB_HC_StartXfer                         0x0800763d   Thumb Code   260  stm32f1xx_ll_usb.o(i.USB_HC_StartXfer)
    USB_HostInit                             0x08007745   Thumb Code   136  stm32f1xx_ll_usb.o(i.USB_HostInit)
    USB_InitFSLSPClkSel                      0x080077d9   Thumb Code    54  stm32f1xx_ll_usb.o(i.USB_InitFSLSPClkSel)
    USB_ReadInterrupts                       0x0800780f   Thumb Code     8  stm32f1xx_ll_usb.o(i.USB_ReadInterrupts)
    USB_ReadPacket                           0x08007817   Thumb Code    28  stm32f1xx_ll_usb.o(i.USB_ReadPacket)
    USB_ResetPort                            0x08007833   Thumb Code    50  stm32f1xx_ll_usb.o(i.USB_ResetPort)
    USB_SetCurrentMode                       0x08007865   Thumb Code    46  stm32f1xx_ll_usb.o(i.USB_SetCurrentMode)
    USB_StopHost                             0x08007895   Thumb Code   126  stm32f1xx_ll_usb.o(i.USB_StopHost)
    USB_WritePacket                          0x08007913   Thumb Code    32  stm32f1xx_ll_usb.o(i.USB_WritePacket)
    UsageFault_Handler                       0x08007933   Thumb Code     2  stm32f1xx_it.o(i.UsageFault_Handler)
    __0printf$5                              0x08007935   Thumb Code    22  printf5.o(i.__0printf$5)
    __1printf$5                              0x08007935   Thumb Code     0  printf5.o(i.__0printf$5)
    __2printf                                0x08007935   Thumb Code     0  printf5.o(i.__0printf$5)
    __scatterload_copy                       0x08007975   Thumb Code    14  handlers.o(i.__scatterload_copy)
    __scatterload_null                       0x08007983   Thumb Code     2  handlers.o(i.__scatterload_null)
    __scatterload_zeroinit                   0x08007985   Thumb Code    14  handlers.o(i.__scatterload_zeroinit)
    clust2sect                               0x08007d7f   Thumb Code    30  ff.o(i.clust2sect)
    disk_initialize                          0x08008559   Thumb Code    36  diskio.o(i.disk_initialize)
    disk_ioctl                               0x08008581   Thumb Code    24  diskio.o(i.disk_ioctl)
    disk_read                                0x0800859d   Thumb Code    24  diskio.o(i.disk_read)
    disk_status                              0x080085b9   Thumb Code    18  diskio.o(i.disk_status)
    disk_write                               0x080085d1   Thumb Code    24  diskio.o(i.disk_write)
    f_close                                  0x080085ed   Thumb Code    42  ff.o(i.f_close)
    f_lseek                                  0x08008619   Thumb Code   644  ff.o(i.f_lseek)
    f_mount                                  0x0800889d   Thumb Code    88  ff.o(i.f_mount)
    f_open                                   0x080088f9   Thumb Code   422  ff.o(i.f_open)
    f_printf                                 0x08008aa5   Thumb Code   490  ff.o(i.f_printf)
    f_sync                                   0x08008c8f   Thumb Code   184  ff.o(i.f_sync)
    f_write                                  0x08008d47   Thumb Code   470  ff.o(i.f_write)
    ff_convert                               0x08008f1d   Thumb Code    52  ccsbcs.o(i.ff_convert)
    ff_wtoupper                              0x08008f55   Thumb Code    28  ccsbcs.o(i.ff_wtoupper)
    fputc                                    0x08009245   Thumb Code    20  usart.o(i.fputc)
    free                                     0x0800925d   Thumb Code    76  malloc.o(i.free)
    get_fat                                  0x0800932d   Thumb Code   194  ff.o(i.get_fat)
    get_fattime                              0x080093ef   Thumb Code     4  fatfs.o(i.get_fattime)
    main                                     0x080094e5   Thumb Code   210  main.o(i.main)
    malloc                                   0x080095f1   Thumb Code    92  malloc.o(i.malloc)
    put_fat                                  0x080096b3   Thumb Code   248  ff.o(i.put_fat)
    AHBPrescTable                            0x080099ca   Data          16  system_stm32f1xx.o(.constdata)
    APBPrescTable                            0x080099da   Data           8  system_stm32f1xx.o(.constdata)
    USBH_Driver                              0x08009f5c   Data          20  usbh_diskio.o(.constdata)
    Region$$Table$$Base                      0x08009f74   Number         0  anon$$obj.o(Region$$Table)
    Region$$Table$$Limit                     0x08009f94   Number         0  anon$$obj.o(Region$$Table)
    tim_num                                  0x20000000   Data           1  main.o(.data)
    ADC_sum_num                              0x20000002   Data           2  adc.o(.data)
    retUSBH                                  0x20000004   Data           1  fatfs.o(.data)
    USBHPath                                 0x20000005   Data           4  fatfs.o(.data)
    RS485_RX_CNT                             0x20000009   Data           1  usart.o(.data)
    res                                      0x2000000a   Data           1  usart.o(.data)
    LCD_Need_check                           0x2000000b   Data           1  usart.o(.data)
    LCD_Shouye                               0x2000000c   Data           1  usart.o(.data)
    LCD_N_OF_Channels                        0x2000000d   Data           1  usart.o(.data)
    LCD_Show_N_OF_Channels                   0x2000000e   Data           1  usart.o(.data)
    LCD_Show_Real_time_data_6                0x2000000f   Data           1  usart.o(.data)
    LCD_Show_YuanDu                          0x20000010   Data           1  usart.o(.data)
    LCD_Show_YuanDu_Add                      0x20000011   Data           2  usart.o(.data)
    LCD_DataSave                             0x20000013   Data           1  usart.o(.data)
    LCD_SaveDataShow                         0x20000014   Data           1  usart.o(.data)
    LCD_Jiaozhun                             0x20000015   Data           1  usart.o(.data)
    LCD_Gongcha                              0x20000016   Data           1  usart.o(.data)
    Channel_Choose                           0x20000017   Data           1  usart.o(.data)
    Calibration                              0x20000018   Data           1  usart.o(.data)
    LCD_Daochu                               0x20000019   Data           1  usart.o(.data)
    Appli_state                              0x2000001a   Data           1  usb_host.o(.data)
    MODE                                     0x2000001c   Data           1  function_interface.o(.data)
    LCD_Show_Gongcha                         0x2000001d   Data           1  function_interface.o(.data)
    LCD_Show_JiaoZhun                        0x2000001e   Data           1  function_interface.o(.data)
    LCD_USB                                  0x2000001f   Data           1  function_interface.o(.data)
    LCD_INFO                                 0x20000020   Data           2  function_interface.o(.data)
    LCD_Data2                                0x20000022   Data           2  function_interface.o(.data)
    LCD_Max                                  0x20000024   Data           4  function_interface.o(.data)
    LCD_Min                                  0x20000028   Data           4  function_interface.o(.data)
    LCD_YuanDu                               0x2000002c   Data           4  function_interface.o(.data)
    MODE_CASE                                0x20000030   Data          10  function_interface.o(.data)
    uwTickFreq                               0x20000040   Data           1  stm32f1xx_hal.o(.data)
    uwTickPrio                               0x20000044   Data           4  stm32f1xx_hal.o(.data)
    uwTick                                   0x20000048   Data           4  stm32f1xx_hal.o(.data)
    SystemCoreClock                          0x2000004c   Data           4  system_stm32f1xx.o(.data)
    USBH_msc                                 0x20000058   Data          32  usbh_msc.o(.data)
    __stdout                                 0x20000078   Data           4  stdout.o(.data)
    __microlib_freelist                      0x2000007c   Data           4  mvars.o(.data)
    __microlib_freelist_initialised          0x20000080   Data           4  mvars.o(.data)
    ADC_DMA                                  0x20000084   Data          12  main.o(.bss)
    ADC_V_data                               0x20000090   Data          12  main.o(.bss)
    hadc1                                    0x2000009c   Data          48  adc.o(.bss)
    hdma_adc1                                0x200000cc   Data          68  adc.o(.bss)
    ADC_sum                                  0x20000110   Data         120  adc.o(.bss)
    ADC_sum_ave                              0x20000188   Data          12  adc.o(.bss)
    ADC_value                                0x20000194   Data          12  adc.o(.bss)
    ADC_old_value                            0x200001a0   Data          60  adc.o(.bss)
    LCD_R_G_Gra                              0x200001dc   Data          12  adc.o(.bss)
    LCD_Real_time_data_6                     0x200001e8   Data          24  adc.o(.bss)
    usart3_buffer                            0x20000200   Data          11  usart.o(.bss)
    USART3_BUFF                              0x2000020b   Data          11  usart.o(.bss)
    usart4_buffer                            0x20000218   Data          50  usart.o(.bss)
    huart4                                   0x2000024c   Data          64  usart.o(.bss)
    huart5                                   0x2000028c   Data          64  usart.o(.bss)
    huart2                                   0x200002cc   Data          64  usart.o(.bss)
    huart3                                   0x2000030c   Data          64  usart.o(.bss)
    LCD_Upper_Jiaozhun                       0x2000034c   Data          24  usart.o(.bss)
    LCD_Lower_Jiaozhun                       0x20000364   Data          24  usart.o(.bss)
    LCD_Upper_GongCha                        0x2000037c   Data          24  usart.o(.bss)
    LCD_Lower_GongCha                        0x20000394   Data          24  usart.o(.bss)
    K                                        0x200003ac   Data          24  usart.o(.bss)
    LCD_high                                 0x200003c4   Data          24  usart.o(.bss)
    LCD_low                                  0x200003dc   Data          24  usart.o(.bss)
    hUsbHostFS                               0x200003f4   Data         976  usb_host.o(.bss)
    hhcd_USB_OTG_FS                          0x200007c4   Data         708  usbh_conf.o(.bss)
    Send_8_data                              0x20000a88   Data          10  function_interface.o(.bss)
    Send_10_data                             0x20000a92   Data          12  function_interface.o(.bss)
    Send_42_data                             0x20000a9e   Data          44  function_interface.o(.bss)
    Send_126_data                            0x20000aca   Data         132  function_interface.o(.bss)
    Send_limit_data                          0x20000b4e   Data          16  function_interface.o(.bss)
    Flash_Save_data                          0x20000b60   Data         124  function_interface.o(.bss)
    Flash_Limit_data                         0x20000bdc   Data         168  function_interface.o(.bss)
    Flash_Up_Down_data                       0x20000c84   Data          16  function_interface.o(.bss)
    USBDISKFatFs                             0x20000c94   Data         560  function_interface.o(.bss)
    MyFile                                   0x20000ec4   Data         556  function_interface.o(.bss)
    pFlash                                   0x200010f0   Data          32  stm32f1xx_hal_flash.o(.bss)
    disk                                     0x20001128   Data          12  ff_gen_drv.o(.bss)
    __heap_base                              0x20001138   Data           0  startup_stm32f105xc.o(HEAP)
    __heap_limit                             0x20003138   Data           0  startup_stm32f105xc.o(HEAP)
    __initial_sp                             0x20005138   Data           0  startup_stm32f105xc.o(STACK)



==============================================================================

Memory Map of the image

  Image Entry point : 0x08000151

  Load Region LR_IROM1 (Base: 0x08000000, Size: 0x0000a018, Max: 0x00040000, ABSOLUTE)

    Execution Region ER_IROM1 (Base: 0x08000000, Size: 0x00009f94, Max: 0x00040000, ABSOLUTE)

    Base Addr    Size         Type   Attr      Idx    E Section Name        Object

    0x08000000   0x00000150   Data   RO         3112    RESET               startup_stm32f105xc.o
    0x08000150   0x00000000   Code   RO         4244  * .ARM.Collect$$$$00000000  mc_w.l(entry.o)
    0x08000150   0x00000004   Code   RO         4562    .ARM.Collect$$$$00000001  mc_w.l(entry2.o)
    0x08000154   0x00000004   Code   RO         4565    .ARM.Collect$$$$00000004  mc_w.l(entry5.o)
    0x08000158   0x00000000   Code   RO         4567    .ARM.Collect$$$$00000008  mc_w.l(entry7b.o)
    0x08000158   0x00000000   Code   RO         4569    .ARM.Collect$$$$0000000A  mc_w.l(entry8b.o)
    0x08000158   0x00000008   Code   RO         4570    .ARM.Collect$$$$0000000B  mc_w.l(entry9a.o)
    0x08000160   0x00000000   Code   RO         4572    .ARM.Collect$$$$0000000D  mc_w.l(entry10a.o)
    0x08000160   0x00000000   Code   RO         4574    .ARM.Collect$$$$0000000F  mc_w.l(entry11a.o)
    0x08000160   0x00000004   Code   RO         4563    .ARM.Collect$$$$00002712  mc_w.l(entry2.o)
    0x08000164   0x00000024   Code   RO         3113    .text               startup_stm32f105xc.o
    0x08000188   0x00000062   Code   RO         4247    .text               mc_w.l(uldiv.o)
    0x080001ea   0x00000020   Code   RO         4249    .text               mc_w.l(llushr.o)
    0x0800020a   0x00000024   Code   RO         4251    .text               mc_w.l(memcpya.o)
    0x0800022e   0x00000024   Code   RO         4253    .text               mc_w.l(memseta.o)
    0x08000252   0x00000064   Code   RO         4546    .text               mf_w.l(fmul.o)
    0x080002b6   0x0000007c   Code   RO         4548    .text               mf_w.l(fdiv.o)
    0x08000332   0x0000014e   Code   RO         4550    .text               mf_w.l(dadd.o)
    0x08000480   0x000000e4   Code   RO         4552    .text               mf_w.l(dmul.o)
    0x08000564   0x00000012   Code   RO         4554    .text               mf_w.l(fflti.o)
    0x08000576   0x00000022   Code   RO         4556    .text               mf_w.l(dflti.o)
    0x08000598   0x00000032   Code   RO         4558    .text               mf_w.l(ffixi.o)
    0x080005ca   0x0000003e   Code   RO         4560    .text               mf_w.l(dfixi.o)
    0x08000608   0x0000001e   Code   RO         4579    .text               mc_w.l(llshl.o)
    0x08000626   0x00000024   Code   RO         4581    .text               mc_w.l(llsshr.o)
    0x0800064a   0x00000000   Code   RO         4585    .text               mc_w.l(iusefp.o)
    0x0800064a   0x0000006e   Code   RO         4586    .text               mf_w.l(fepilogue.o)
    0x080006b8   0x000000ba   Code   RO         4588    .text               mf_w.l(depilogue.o)
    0x08000772   0x00000002   PAD
    0x08000774   0x00000024   Code   RO         4596    .text               mc_w.l(init.o)
    0x08000798   0x0000011c   Code   RO          249    i.ADC_Ave           adc.o
    0x080008b4   0x0000004c   Code   RO         2437    i.ADC_ConversionStop_Disable  stm32f1xx_hal_adc.o
    0x08000900   0x0000004e   Code   RO         2438    i.ADC_DMAConvCplt   stm32f1xx_hal_adc.o
    0x0800094e   0x0000001a   Code   RO         2439    i.ADC_DMAError      stm32f1xx_hal_adc.o
    0x08000968   0x0000000a   Code   RO         2440    i.ADC_DMAHalfConvCplt  stm32f1xx_hal_adc.o
    0x08000972   0x00000002   PAD
    0x08000974   0x00000070   Code   RO         2441    i.ADC_Enable        stm32f1xx_hal_adc.o
    0x080009e4   0x0000002c   Code   RO          250    i.ADC_VTrans        adc.o
    0x08000a10   0x00000002   Code   RO          680    i.BusFault_Handler  stm32f1xx_it.o
    0x08000a12   0x00000002   PAD
    0x08000a14   0x0000000c   Code   RO          681    i.DMA1_Channel1_IRQHandler  stm32f1xx_it.o
    0x08000a20   0x0000002a   Code   RO         1840    i.DMA_SetConfig     stm32f1xx_hal_dma.o
    0x08000a4a   0x00000002   PAD
    0x08000a4c   0x00000100   Code   RO          810    i.DaoChu            function_interface.o
    0x08000b4c   0x0000007c   Code   RO          811    i.Data_Extremum     function_interface.o
    0x08000bc8   0x00000048   Code   RO         3712    i.DeInitStateMachine  usbh_core.o
    0x08000c10   0x00000002   Code   RO          682    i.DebugMon_Handler  stm32f1xx_it.o
    0x08000c12   0x00000022   Code   RO          812    i.Erase_flash       function_interface.o
    0x08000c34   0x00000002   Code   RO            4    i.Error_Handler     main.o
    0x08000c36   0x00000006   Code   RO         3528    i.FATFS_LinkDriver  ff_gen_drv.o
    0x08000c3c   0x00000040   Code   RO         3529    i.FATFS_LinkDriverEx  ff_gen_drv.o
    0x08000c7c   0x00000024   Code   RO         2280    i.FLASH_MassErase   stm32f1xx_hal_flash_ex.o
    0x08000ca0   0x00000024   Code   RO         2285    i.FLASH_PageErase   stm32f1xx_hal_flash_ex.o
    0x08000cc4   0x0000001c   Code   RO         2177    i.FLASH_Program_HalfWord  stm32f1xx_hal_flash.o
    0x08000ce0   0x0000005c   Code   RO         2178    i.FLASH_SetErrorCode  stm32f1xx_hal_flash.o
    0x08000d3c   0x00000054   Code   RO         2179    i.FLASH_WaitForLastOperation  stm32f1xx_hal_flash.o
    0x08000d90   0x00000016   Code   RO          813    i.Flash_Read_Words  function_interface.o
    0x08000da6   0x00000002   PAD
    0x08000da8   0x0000002c   Code   RO          814    i.Flash_Write_words  function_interface.o
    0x08000dd4   0x00000124   Code   RO          815    i.Get_Real_Time_data  function_interface.o
    0x08000ef8   0x0000021c   Code   RO          816    i.GongCha           function_interface.o
    0x08001114   0x000000c8   Code   RO         2617    i.HAL_ADCEx_Calibration_Start  stm32f1xx_hal_adc_ex.o
    0x080011dc   0x000000fc   Code   RO         2443    i.HAL_ADC_ConfigChannel  stm32f1xx_hal_adc.o
    0x080012d8   0x00000002   Code   RO         2444    i.HAL_ADC_ConvCpltCallback  stm32f1xx_hal_adc.o
    0x080012da   0x00000002   Code   RO         2445    i.HAL_ADC_ConvHalfCpltCallback  stm32f1xx_hal_adc.o
    0x080012dc   0x00000002   Code   RO         2447    i.HAL_ADC_ErrorCallback  stm32f1xx_hal_adc.o
    0x080012de   0x00000002   PAD
    0x080012e0   0x0000011c   Code   RO         2452    i.HAL_ADC_Init      stm32f1xx_hal_adc.o
    0x080013fc   0x00000090   Code   RO          252    i.HAL_ADC_MspInit   adc.o
    0x0800148c   0x0000010c   Code   RO         2459    i.HAL_ADC_Start_DMA  stm32f1xx_hal_adc.o
    0x08001598   0x00000130   Code   RO         1842    i.HAL_DMA_Abort_IT  stm32f1xx_hal_dma.o
    0x080016c8   0x00000248   Code   RO         1846    i.HAL_DMA_IRQHandler  stm32f1xx_hal_dma.o
    0x08001910   0x0000007c   Code   RO         1847    i.HAL_DMA_Init      stm32f1xx_hal_dma.o
    0x0800198c   0x00000070   Code   RO         1851    i.HAL_DMA_Start_IT  stm32f1xx_hal_dma.o
    0x080019fc   0x00000024   Code   RO         1445    i.HAL_Delay         stm32f1xx_hal.o
    0x08001a20   0x000000a8   Code   RO         2286    i.HAL_FLASHEx_Erase  stm32f1xx_hal_flash_ex.o
    0x08001ac8   0x00000014   Code   RO         2183    i.HAL_FLASH_Lock    stm32f1xx_hal_flash.o
    0x08001adc   0x00000080   Code   RO         2188    i.HAL_FLASH_Program  stm32f1xx_hal_flash.o
    0x08001b5c   0x00000028   Code   RO         2190    i.HAL_FLASH_Unlock  stm32f1xx_hal_flash.o
    0x08001b84   0x000001e0   Code   RO         1777    i.HAL_GPIO_Init     stm32f1xx_hal_gpio.o
    0x08001d64   0x0000000a   Code   RO         1781    i.HAL_GPIO_WritePin  stm32f1xx_hal_gpio.o
    0x08001d6e   0x00000002   PAD
    0x08001d70   0x0000000c   Code   RO         1449    i.HAL_GetTick       stm32f1xx_hal.o
    0x08001d7c   0x00000008   Code   RO          502    i.HAL_HCD_Connect_Callback  usbh_conf.o
    0x08001d84   0x00000008   Code   RO          503    i.HAL_HCD_Disconnect_Callback  usbh_conf.o
    0x08001d8c   0x00000006   Code   RO          958    i.HAL_HCD_GetCurrentFrame  stm32f1xx_hal_hcd.o
    0x08001d92   0x00000006   Code   RO          959    i.HAL_HCD_GetCurrentSpeed  stm32f1xx_hal_hcd.o
    0x08001d98   0x0000000e   Code   RO          962    i.HAL_HCD_HC_GetURBState  stm32f1xx_hal_hcd.o
    0x08001da6   0x0000000c   Code   RO          963    i.HAL_HCD_HC_GetXferCount  stm32f1xx_hal_hcd.o
    0x08001db2   0x00000024   Code   RO          964    i.HAL_HCD_HC_Halt   stm32f1xx_hal_hcd.o
    0x08001dd6   0x00000072   Code   RO          965    i.HAL_HCD_HC_Init   stm32f1xx_hal_hcd.o
    0x08001e48   0x00000002   Code   RO          504    i.HAL_HCD_HC_NotifyURBChange_Callback  usbh_conf.o
    0x08001e4a   0x00000092   Code   RO          967    i.HAL_HCD_HC_SubmitRequest  stm32f1xx_hal_hcd.o
    0x08001edc   0x00000130   Code   RO          968    i.HAL_HCD_IRQHandler  stm32f1xx_hal_hcd.o
    0x0800200c   0x00000072   Code   RO          969    i.HAL_HCD_Init      stm32f1xx_hal_hcd.o
    0x0800207e   0x00000002   PAD
    0x08002080   0x00000038   Code   RO          506    i.HAL_HCD_MspInit   usbh_conf.o
    0x080020b8   0x00000008   Code   RO          507    i.HAL_HCD_PortDisabled_Callback  usbh_conf.o
    0x080020c0   0x00000008   Code   RO          508    i.HAL_HCD_PortEnabled_Callback  usbh_conf.o
    0x080020c8   0x00000006   Code   RO          974    i.HAL_HCD_ResetPort  stm32f1xx_hal_hcd.o
    0x080020ce   0x00000008   Code   RO          509    i.HAL_HCD_SOF_Callback  usbh_conf.o
    0x080020d6   0x0000002c   Code   RO          976    i.HAL_HCD_Start     stm32f1xx_hal_hcd.o
    0x08002102   0x00000024   Code   RO          977    i.HAL_HCD_Stop      stm32f1xx_hal_hcd.o
    0x08002126   0x00000002   PAD
    0x08002128   0x00000010   Code   RO         1455    i.HAL_IncTick       stm32f1xx_hal.o
    0x08002138   0x00000024   Code   RO         1456    i.HAL_Init          stm32f1xx_hal.o
    0x0800215c   0x00000040   Code   RO         1457    i.HAL_InitTick      stm32f1xx_hal.o
    0x0800219c   0x0000003c   Code   RO          786    i.HAL_MspInit       stm32f1xx_hal_msp.o
    0x080021d8   0x00000022   Code   RO         1936    i.HAL_NVIC_DisableIRQ  stm32f1xx_hal_cortex.o
    0x080021fa   0x0000001a   Code   RO         1937    i.HAL_NVIC_EnableIRQ  stm32f1xx_hal_cortex.o
    0x08002214   0x00000040   Code   RO         1943    i.HAL_NVIC_SetPriority  stm32f1xx_hal_cortex.o
    0x08002254   0x00000024   Code   RO         1944    i.HAL_NVIC_SetPriorityGrouping  stm32f1xx_hal_cortex.o
    0x08002278   0x0000013c   Code   RO         1719    i.HAL_RCCEx_GetPeriphCLKFreq  stm32f1xx_hal_rcc_ex.o
    0x080023b4   0x00000188   Code   RO         1720    i.HAL_RCCEx_PeriphCLKConfig  stm32f1xx_hal_rcc_ex.o
    0x0800253c   0x0000012c   Code   RO         1613    i.HAL_RCC_ClockConfig  stm32f1xx_hal_rcc.o
    0x08002668   0x00000020   Code   RO         1620    i.HAL_RCC_GetPCLK1Freq  stm32f1xx_hal_rcc.o
    0x08002688   0x00000020   Code   RO         1621    i.HAL_RCC_GetPCLK2Freq  stm32f1xx_hal_rcc.o
    0x080026a8   0x000000bc   Code   RO         1622    i.HAL_RCC_GetSysClockFreq  stm32f1xx_hal_rcc.o
    0x08002764   0x000003e4   Code   RO         1625    i.HAL_RCC_OscConfig  stm32f1xx_hal_rcc.o
    0x08002b48   0x00000028   Code   RO         1948    i.HAL_SYSTICK_Config  stm32f1xx_hal_cortex.o
    0x08002b70   0x00000002   Code   RO         2770    i.HAL_UART_ErrorCallback  stm32f1xx_hal_uart.o
    0x08002b72   0x00000002   PAD
    0x08002b74   0x00000110   Code   RO         2773    i.HAL_UART_IRQHandler  stm32f1xx_hal_uart.o
    0x08002c84   0x00000062   Code   RO         2774    i.HAL_UART_Init     stm32f1xx_hal_uart.o
    0x08002ce6   0x00000002   PAD
    0x08002ce8   0x00000198   Code   RO          369    i.HAL_UART_MspInit  usart.o
    0x08002e80   0x00000052   Code   RO         2779    i.HAL_UART_Receive_IT  stm32f1xx_hal_uart.o
    0x08002ed2   0x00000002   PAD
    0x08002ed4   0x00000110   Code   RO          370    i.HAL_UART_RxCpltCallback  usart.o
    0x08002fe4   0x000000ba   Code   RO         2782    i.HAL_UART_Transmit  stm32f1xx_hal_uart.o
    0x0800309e   0x00000002   Code   RO         2785    i.HAL_UART_TxCpltCallback  stm32f1xx_hal_uart.o
    0x080030a0   0x00000260   Code   RO          979    i.HCD_HC_IN_IRQHandler  stm32f1xx_hal_hcd.o
    0x08003300   0x00000234   Code   RO          980    i.HCD_HC_OUT_IRQHandler  stm32f1xx_hal_hcd.o
    0x08003534   0x00000094   Code   RO          981    i.HCD_Port_IRQHandler  stm32f1xx_hal_hcd.o
    0x080035c8   0x00000070   Code   RO          982    i.HCD_RXQLVL_IRQHandler  stm32f1xx_hal_hcd.o
    0x08003638   0x00000002   Code   RO          683    i.HardFault_Handler  stm32f1xx_it.o
    0x0800363a   0x00000002   PAD
    0x0800363c   0x000002f0   Code   RO          817    i.JiaoZhun          function_interface.o
    0x0800392c   0x00000404   Code   RO          818    i.LCD_CeLiang       function_interface.o
    0x08003d30   0x000000a0   Code   RO          819    i.LCD_ShouYe        function_interface.o
    0x08003dd0   0x000002a8   Code   RO          820    i.MSC_Application   function_interface.o
    0x08004078   0x000000b4   Code   RO          253    i.MX_ADC1_Init      adc.o
    0x0800412c   0x0000002c   Code   RO          306    i.MX_DMA_Init       dma.o
    0x08004158   0x0000001c   Code   RO          330    i.MX_FATFS_Init     fatfs.o
    0x08004174   0x00000080   Code   RO          221    i.MX_GPIO_Init      gpio.o
    0x080041f4   0x00000038   Code   RO          371    i.MX_UART4_Init     usart.o
    0x0800422c   0x00000038   Code   RO          372    i.MX_UART5_Init     usart.o
    0x08004264   0x00000038   Code   RO          373    i.MX_USART2_UART_Init  usart.o
    0x0800429c   0x00000038   Code   RO          374    i.MX_USART3_UART_Init  usart.o
    0x080042d4   0x00000040   Code   RO          463    i.MX_USB_HOST_Init  usb_host.o
    0x08004314   0x0000000c   Code   RO          464    i.MX_USB_HOST_Process  usb_host.o
    0x08004320   0x00000002   Code   RO          684    i.MemManage_Handler  stm32f1xx_it.o
    0x08004322   0x00000002   Code   RO          685    i.NMI_Handler       stm32f1xx_it.o
    0x08004324   0x0000000c   Code   RO          686    i.OTG_FS_IRQHandler  stm32f1xx_it.o
    0x08004330   0x00000002   Code   RO          687    i.PendSV_Handler    stm32f1xx_it.o
    0x08004332   0x00000002   Code   RO          688    i.SVC_Handler       stm32f1xx_it.o
    0x08004334   0x000001e8   Code   RO          821    i.Send_Data_Iint    function_interface.o
    0x0800451c   0x00000004   Code   RO          689    i.SysTick_Handler   stm32f1xx_it.o
    0x08004520   0x00000074   Code   RO            5    i.SystemClock_Config  main.o
    0x08004594   0x00000054   Code   RO         3076    i.SystemInit        system_stm32f1xx.o
    0x080045e8   0x000009f8   Code   RO          822    i.Touch_check       function_interface.o
    0x08004fe0   0x0000000c   Code   RO          690    i.UART4_IRQHandler  stm32f1xx_it.o
    0x08004fec   0x0000000c   Code   RO          691    i.UART5_IRQHandler  stm32f1xx_it.o
    0x08004ff8   0x00000010   Code   RO         2787    i.UART_DMAAbortOnError  stm32f1xx_hal_uart.o
    0x08005008   0x0000001c   Code   RO         2797    i.UART_EndRxTransfer  stm32f1xx_hal_uart.o
    0x08005024   0x00000096   Code   RO         2799    i.UART_Receive_IT   stm32f1xx_hal_uart.o
    0x080050ba   0x00000002   PAD
    0x080050bc   0x000000b8   Code   RO         2800    i.UART_SetConfig    stm32f1xx_hal_uart.o
    0x08005174   0x00000062   Code   RO         2801    i.UART_Transmit_IT  stm32f1xx_hal_uart.o
    0x080051d6   0x00000064   Code   RO         2802    i.UART_WaitOnFlagUntilTimeout  stm32f1xx_hal_uart.o
    0x0800523a   0x00000002   PAD
    0x0800523c   0x0000000c   Code   RO          692    i.USART3_IRQHandler  stm32f1xx_it.o
    0x08005248   0x00000038   Code   RO         4013    i.USBH_AllocPipe    usbh_pipes.o
    0x08005280   0x00000020   Code   RO         3941    i.USBH_BulkReceiveData  usbh_ioreq.o
    0x080052a0   0x00000028   Code   RO         3942    i.USBH_BulkSendData  usbh_ioreq.o
    0x080052c8   0x0000000a   Code   RO         4014    i.USBH_ClosePipe    usbh_pipes.o
    0x080052d2   0x0000001e   Code   RO         3847    i.USBH_ClrFeature   usbh_ctlreq.o
    0x080052f0   0x0000001e   Code   RO         3943    i.USBH_CtlReceiveData  usbh_ioreq.o
    0x0800530e   0x0000003a   Code   RO         3848    i.USBH_CtlReq       usbh_ctlreq.o
    0x08005348   0x00000028   Code   RO         3944    i.USBH_CtlSendData  usbh_ioreq.o
    0x08005370   0x0000001e   Code   RO         3945    i.USBH_CtlSendSetup  usbh_ioreq.o
    0x0800538e   0x00000004   Code   RO          510    i.USBH_Delay        usbh_conf.o
    0x08005392   0x00000002   PAD
    0x08005394   0x00000044   Code   RO         3714    i.USBH_FindInterface  usbh_core.o
    0x080053d8   0x00000018   Code   RO         4015    i.USBH_FreePipe     usbh_pipes.o
    0x080053f0   0x00000034   Code   RO         3849    i.USBH_GetDescriptor  usbh_ctlreq.o
    0x08005424   0x0000000e   Code   RO         3850    i.USBH_GetNextDesc  usbh_ctlreq.o
    0x08005432   0x0000002c   Code   RO         3851    i.USBH_Get_CfgDesc  usbh_ctlreq.o
    0x0800545e   0x00000090   Code   RO         3852    i.USBH_Get_DevDesc  usbh_ctlreq.o
    0x080054ee   0x00000048   Code   RO         3853    i.USBH_Get_StringDesc  usbh_ctlreq.o
    0x08005536   0x00000018   Code   RO          511    i.USBH_Get_USB_Status  usbh_conf.o
    0x0800554e   0x00000002   PAD
    0x08005550   0x000001c8   Code   RO         3854    i.USBH_HandleControl  usbh_ctlreq.o
    0x08005718   0x0000020c   Code   RO         3717    i.USBH_HandleEnum   usbh_core.o
    0x08005924   0x00000070   Code   RO         3718    i.USBH_Init         usbh_core.o
    0x08005994   0x00000012   Code   RO          512    i.USBH_LL_ClosePipe  usbh_conf.o
    0x080059a6   0x00000014   Code   RO         3720    i.USBH_LL_Connect   usbh_core.o
    0x080059ba   0x0000002e   Code   RO         3721    i.USBH_LL_Disconnect  usbh_core.o
    0x080059e8   0x0000000c   Code   RO          514    i.USBH_LL_DriverVBUS  usbh_conf.o
    0x080059f4   0x00000008   Code   RO          515    i.USBH_LL_GetLastXferSize  usbh_conf.o
    0x080059fc   0x00000022   Code   RO          516    i.USBH_LL_GetSpeed  usbh_conf.o
    0x08005a1e   0x0000001e   Code   RO          517    i.USBH_LL_GetToggle  usbh_conf.o
    0x08005a3c   0x00000008   Code   RO          518    i.USBH_LL_GetURBState  usbh_conf.o
    0x08005a44   0x0000001e   Code   RO         3722    i.USBH_LL_IncTimer  usbh_core.o
    0x08005a62   0x00000002   PAD
    0x08005a64   0x00000048   Code   RO          519    i.USBH_LL_Init      usbh_conf.o
    0x08005aac   0x0000001c   Code   RO          520    i.USBH_LL_OpenPipe  usbh_conf.o
    0x08005ac8   0x00000008   Code   RO         3723    i.USBH_LL_PortDisabled  usbh_core.o
    0x08005ad0   0x00000008   Code   RO         3724    i.USBH_LL_PortEnabled  usbh_core.o
    0x08005ad8   0x00000012   Code   RO          521    i.USBH_LL_ResetPort  usbh_conf.o
    0x08005aea   0x00000006   Code   RO         3725    i.USBH_LL_SetTimer  usbh_core.o
    0x08005af0   0x00000020   Code   RO          522    i.USBH_LL_SetToggle  usbh_conf.o
    0x08005b10   0x00000012   Code   RO          523    i.USBH_LL_Start     usbh_conf.o
    0x08005b22   0x00000012   Code   RO          524    i.USBH_LL_Stop      usbh_conf.o
    0x08005b34   0x00000022   Code   RO          525    i.USBH_LL_SubmitURB  usbh_conf.o
    0x08005b56   0x0000001e   Code   RO         4146    i.USBH_MSC_BOT_Abort  usbh_msc_bot.o
    0x08005b74   0x00000024   Code   RO         4147    i.USBH_MSC_BOT_Init  usbh_msc_bot.o
    0x08005b98   0x000001dc   Code   RO         4148    i.USBH_MSC_BOT_Process  usbh_msc_bot.o
    0x08005d74   0x00000016   Code   RO         4149    i.USBH_MSC_BOT_REQ_GetMaxLUN  usbh_msc_bot.o
    0x08005d8a   0x00000016   Code   RO         4150    i.USBH_MSC_BOT_REQ_Reset  usbh_msc_bot.o
    0x08005da0   0x000000a4   Code   RO         4055    i.USBH_MSC_ClassRequest  usbh_msc.o
    0x08005e44   0x0000002e   Code   RO         4056    i.USBH_MSC_GetLUNInfo  usbh_msc.o
    0x08005e72   0x0000004a   Code   RO         4058    i.USBH_MSC_InterfaceDeInit  usbh_msc.o
    0x08005ebc   0x000000f8   Code   RO         4059    i.USBH_MSC_InterfaceInit  usbh_msc.o
    0x08005fb4   0x00000500   Code   RO         4061    i.USBH_MSC_Process  usbh_msc.o
    0x080064b4   0x00000134   Code   RO         4062    i.USBH_MSC_RdWrProcess  usbh_msc.o
    0x080065e8   0x0000008a   Code   RO         4063    i.USBH_MSC_Read     usbh_msc.o
    0x08006672   0x000000d4   Code   RO         4193    i.USBH_MSC_SCSI_Inquiry  usbh_msc_scsi.o
    0x08006746   0x00000080   Code   RO         4194    i.USBH_MSC_SCSI_Read  usbh_msc_scsi.o
    0x080067c6   0x0000007a   Code   RO         4195    i.USBH_MSC_SCSI_ReadCapacity  usbh_msc_scsi.o
    0x08006840   0x00000092   Code   RO         4196    i.USBH_MSC_SCSI_RequestSense  usbh_msc_scsi.o
    0x080068d2   0x0000004c   Code   RO         4197    i.USBH_MSC_SCSI_TestUnitReady  usbh_msc_scsi.o
    0x0800691e   0x00000080   Code   RO         4198    i.USBH_MSC_SCSI_Write  usbh_msc_scsi.o
    0x0800699e   0x00000004   Code   RO         4064    i.USBH_MSC_SOFProcess  usbh_msc.o
    0x080069a2   0x00000026   Code   RO         4065    i.USBH_MSC_UnitIsReady  usbh_msc.o
    0x080069c8   0x0000008a   Code   RO         4066    i.USBH_MSC_Write    usbh_msc.o
    0x08006a52   0x00000014   Code   RO         4016    i.USBH_OpenPipe     usbh_pipes.o
    0x08006a66   0x000000dc   Code   RO         3855    i.USBH_ParseCfgDesc  usbh_ctlreq.o
    0x08006b42   0x00000002   PAD
    0x08006b44   0x000003d4   Code   RO         3726    i.USBH_Process      usbh_core.o
    0x08006f18   0x0000007c   Code   RO         3728    i.USBH_RegisterClass  usbh_core.o
    0x08006f94   0x000000f4   Code   RO         3729    i.USBH_SelectInterface  usbh_core.o
    0x08007088   0x0000001c   Code   RO         3856    i.USBH_SetAddress   usbh_ctlreq.o
    0x080070a4   0x0000001c   Code   RO         3857    i.USBH_SetCfg       usbh_ctlreq.o
    0x080070c0   0x0000001c   Code   RO         3858    i.USBH_SetFeature   usbh_ctlreq.o
    0x080070dc   0x00000014   Code   RO         3730    i.USBH_Start        usbh_core.o
    0x080070f0   0x000000d4   Code   RO          465    i.USBH_UserProcess  usb_host.o
    0x080071c4   0x00000004   Code   RO         3647    i.USBH_initialize   usbh_diskio.o
    0x080071c8   0x00000050   Code   RO         3648    i.USBH_ioctl        usbh_diskio.o
    0x08007218   0x0000007c   Code   RO         3649    i.USBH_read         usbh_diskio.o
    0x08007294   0x00000018   Code   RO         3650    i.USBH_status       usbh_diskio.o
    0x080072ac   0x000000b8   Code   RO         3651    i.USBH_write        usbh_diskio.o
    0x08007364   0x00000058   Code   RO         1142    i.USB_CoreInit      stm32f1xx_ll_usb.o
    0x080073bc   0x00000038   Code   RO         1143    i.USB_CoreReset     stm32f1xx_ll_usb.o
    0x080073f4   0x0000000c   Code   RO         1150    i.USB_DisableGlobalInt  stm32f1xx_ll_usb.o
    0x08007400   0x0000002c   Code   RO         1152    i.USB_DriveVbus     stm32f1xx_ll_usb.o
    0x0800742c   0x0000000c   Code   RO         1158    i.USB_EnableGlobalInt  stm32f1xx_ll_usb.o
    0x08007438   0x00000020   Code   RO         1159    i.USB_FlushRxFifo   stm32f1xx_ll_usb.o
    0x08007458   0x00000024   Code   RO         1160    i.USB_FlushTxFifo   stm32f1xx_ll_usb.o
    0x0800747c   0x00000008   Code   RO         1161    i.USB_GetCurrentFrame  stm32f1xx_ll_usb.o
    0x08007484   0x0000000e   Code   RO         1163    i.USB_GetHostSpeed  stm32f1xx_ll_usb.o
    0x08007492   0x00000008   Code   RO         1164    i.USB_GetMode       stm32f1xx_ll_usb.o
    0x0800749a   0x000000c2   Code   RO         1165    i.USB_HC_Halt       stm32f1xx_ll_usb.o
    0x0800755c   0x000000d8   Code   RO         1166    i.USB_HC_Init       stm32f1xx_ll_usb.o
    0x08007634   0x00000008   Code   RO         1167    i.USB_HC_ReadInterrupt  stm32f1xx_ll_usb.o
    0x0800763c   0x00000108   Code   RO         1168    i.USB_HC_StartXfer  stm32f1xx_ll_usb.o
    0x08007744   0x00000094   Code   RO         1169    i.USB_HostInit      stm32f1xx_ll_usb.o
    0x080077d8   0x00000036   Code   RO         1170    i.USB_InitFSLSPClkSel  stm32f1xx_ll_usb.o
    0x0800780e   0x00000008   Code   RO         1175    i.USB_ReadInterrupts  stm32f1xx_ll_usb.o
    0x08007816   0x0000001c   Code   RO         1176    i.USB_ReadPacket    stm32f1xx_ll_usb.o
    0x08007832   0x00000032   Code   RO         1177    i.USB_ResetPort     stm32f1xx_ll_usb.o
    0x08007864   0x0000002e   Code   RO         1178    i.USB_SetCurrentMode  stm32f1xx_ll_usb.o
    0x08007892   0x00000002   PAD
    0x08007894   0x0000007e   Code   RO         1183    i.USB_StopHost      stm32f1xx_ll_usb.o
    0x08007912   0x00000020   Code   RO         1184    i.USB_WritePacket   stm32f1xx_ll_usb.o
    0x08007932   0x00000002   Code   RO          693    i.UsageFault_Handler  stm32f1xx_it.o
    0x08007934   0x00000020   Code   RO         4390    i.__0printf$5       mc_w.l(printf5.o)
    0x08007954   0x00000020   Code   RO         1950    i.__NVIC_SetPriority  stm32f1xx_hal_cortex.o
    0x08007974   0x0000000e   Code   RO         4600    i.__scatterload_copy  mc_w.l(handlers.o)
    0x08007982   0x00000002   Code   RO         4601    i.__scatterload_null  mc_w.l(handlers.o)
    0x08007984   0x0000000e   Code   RO         4602    i.__scatterload_zeroinit  mc_w.l(handlers.o)
    0x08007992   0x00000002   PAD
    0x08007994   0x000002c0   Code   RO         4397    i._printf_core      mc_w.l(printf5.o)
    0x08007c54   0x00000060   Code   RO         3187    i.check_fs          ff.o
    0x08007cb4   0x00000010   Code   RO         3188    i.chk_chr           ff.o
    0x08007cc4   0x0000006c   Code   RO         3189    i.chk_lock          ff.o
    0x08007d30   0x00000024   Code   RO         3190    i.clear_lock        ff.o
    0x08007d54   0x0000002a   Code   RO         3191    i.clmt_clust        ff.o
    0x08007d7e   0x0000001e   Code   RO         3192    i.clust2sect        ff.o
    0x08007d9c   0x000000b0   Code   RO         3193    i.create_chain      ff.o
    0x08007e4c   0x00000204   Code   RO         3194    i.create_name       ff.o
    0x08008050   0x0000003c   Code   RO         3195    i.dec_lock          ff.o
    0x0800808c   0x00000144   Code   RO         3196    i.dir_find          ff.o
    0x080081d0   0x0000011e   Code   RO         3197    i.dir_next          ff.o
    0x080082ee   0x00000002   PAD
    0x080082f0   0x000001d0   Code   RO         3199    i.dir_register      ff.o
    0x080084c0   0x00000098   Code   RO         3201    i.dir_sdi           ff.o
    0x08008558   0x00000028   Code   RO         3120    i.disk_initialize   diskio.o
    0x08008580   0x0000001c   Code   RO         3121    i.disk_ioctl        diskio.o
    0x0800859c   0x0000001c   Code   RO         3122    i.disk_read         diskio.o
    0x080085b8   0x00000018   Code   RO         3123    i.disk_status       diskio.o
    0x080085d0   0x0000001c   Code   RO         3124    i.disk_write        diskio.o
    0x080085ec   0x0000002a   Code   RO         3203    i.f_close           ff.o
    0x08008616   0x00000002   PAD
    0x08008618   0x00000284   Code   RO         3207    i.f_lseek           ff.o
    0x0800889c   0x0000005c   Code   RO         3210    i.f_mount           ff.o
    0x080088f8   0x000001ac   Code   RO         3211    i.f_open            ff.o
    0x08008aa4   0x000001ea   Code   RO         3213    i.f_printf          ff.o
    0x08008c8e   0x000000b8   Code   RO         3220    i.f_sync            ff.o
    0x08008d46   0x000001d6   Code   RO         3224    i.f_write           ff.o
    0x08008f1c   0x00000038   Code   RO         3615    i.ff_convert        ccsbcs.o
    0x08008f54   0x00000024   Code   RO         3616    i.ff_wtoupper       ccsbcs.o
    0x08008f78   0x00000258   Code   RO         3225    i.find_volume       ff.o
    0x080091d0   0x00000072   Code   RO         3226    i.follow_path       ff.o
    0x08009242   0x00000002   PAD
    0x08009244   0x00000018   Code   RO          375    i.fputc             usart.o
    0x0800925c   0x00000050   Code   RO         4518    i.free              mc_w.l(malloc.o)
    0x080092ac   0x00000080   Code   RO         3227    i.gen_numname       ff.o
    0x0800932c   0x000000c2   Code   RO         3228    i.get_fat           ff.o
    0x080093ee   0x00000004   Code   RO          331    i.get_fattime       fatfs.o
    0x080093f2   0x0000003c   Code   RO         3230    i.get_ldnumber      ff.o
    0x0800942e   0x00000002   PAD
    0x08009430   0x000000a0   Code   RO         3231    i.inc_lock          ff.o
    0x080094d0   0x00000014   Code   RO         3232    i.ld_clust          ff.o
    0x080094e4   0x0000010c   Code   RO            6    i.main              main.o
    0x080095f0   0x0000006c   Code   RO         4519    i.malloc            mc_w.l(malloc.o)
    0x0800965c   0x00000012   Code   RO         3233    i.mem_cpy           ff.o
    0x0800966e   0x0000000e   Code   RO         3234    i.mem_set           ff.o
    0x0800967c   0x00000036   Code   RO         3235    i.move_window       ff.o
    0x080096b2   0x000000f8   Code   RO         3236    i.put_fat           ff.o
    0x080097aa   0x00000046   Code   RO         3237    i.putc_bfd          ff.o
    0x080097f0   0x0000006e   Code   RO         3238    i.remove_chain      ff.o
    0x0800985e   0x00000010   Code   RO         3239    i.st_clust          ff.o
    0x0800986e   0x0000001a   Code   RO         3240    i.sum_sfn           ff.o
    0x08009888   0x000000b6   Code   RO         3241    i.sync_fs           ff.o
    0x0800993e   0x00000060   Code   RO         3242    i.sync_window       ff.o
    0x0800999e   0x0000002c   Code   RO         3243    i.validate          ff.o
    0x080099ca   0x00000010   Data   RO         3077    .constdata          system_stm32f1xx.o
    0x080099da   0x00000008   Data   RO         3078    .constdata          system_stm32f1xx.o
    0x080099e2   0x000000ba   Data   RO         3245    .constdata          ff.o
    0x08009a9c   0x000004c0   Data   RO         3617    .constdata          ccsbcs.o
    0x08009f5c   0x00000014   Data   RO         3652    .constdata          usbh_diskio.o
    0x08009f70   0x00000004   Data   RO         4067    .conststring        usbh_msc.o
    0x08009f74   0x00000020   Data   RO         4598    Region$$Table       anon$$obj.o


    Execution Region RW_IRAM1 (Base: 0x20000000, Size: 0x00005138, Max: 0x00010000, ABSOLUTE)

    Base Addr    Size         Type   Attr      Idx    E Section Name        Object

    0x20000000   0x00000001   Data   RW            9    .data               main.o
    0x20000001   0x00000001   PAD
    0x20000002   0x00000002   Data   RW          257    .data               adc.o
    0x20000004   0x00000005   Data   RW          334    .data               fatfs.o
    0x20000009   0x00000003   Data   RW          386    .data               usart.o
    0x2000000c   0x00000001   Data   RW          387    .data               usart.o
    0x2000000d   0x00000001   Data   RW          388    .data               usart.o
    0x2000000e   0x00000001   Data   RW          389    .data               usart.o
    0x2000000f   0x00000001   Data   RW          390    .data               usart.o
    0x20000010   0x00000001   Data   RW          391    .data               usart.o
    0x20000011   0x00000002   Data   RW          392    .data               usart.o
    0x20000013   0x00000001   Data   RW          393    .data               usart.o
    0x20000014   0x00000001   Data   RW          394    .data               usart.o
    0x20000015   0x00000001   Data   RW          395    .data               usart.o
    0x20000016   0x00000001   Data   RW          396    .data               usart.o
    0x20000017   0x00000001   Data   RW          397    .data               usart.o
    0x20000018   0x00000001   Data   RW          398    .data               usart.o
    0x20000019   0x00000001   Data   RW          399    .data               usart.o
    0x2000001a   0x00000001   Data   RW          467    .data               usb_host.o
    0x2000001b   0x00000001   PAD
    0x2000001c   0x0000001e   Data   RW          825    .data               function_interface.o
    0x2000003a   0x00000002   PAD
    0x2000003c   0x00000004   Data   RW         1185    .data               stm32f1xx_ll_usb.o
    0x20000040   0x0000000c   Data   RW         1463    .data               stm32f1xx_hal.o
    0x2000004c   0x00000004   Data   RW         3079    .data               system_stm32f1xx.o
    0x20000050   0x00000008   Data   RW         3246    .data               ff.o
    0x20000058   0x00000020   Data   RW         4068    .data               usbh_msc.o
    0x20000078   0x00000004   Data   RW         4576    .data               mc_w.l(stdout.o)
    0x2000007c   0x00000004   Data   RW         4583    .data               mc_w.l(mvars.o)
    0x20000080   0x00000004   Data   RW         4584    .data               mc_w.l(mvars.o)
    0x20000084   0x0000000c   Zero   RW            7    .bss                main.o
    0x20000090   0x0000000c   Zero   RW            8    .bss                main.o
    0x2000009c   0x00000140   Zero   RW          254    .bss                adc.o
    0x200001dc   0x0000000c   Zero   RW          255    .bss                adc.o
    0x200001e8   0x00000018   Zero   RW          256    .bss                adc.o
    0x20000200   0x0000000b   Zero   RW          376    .bss                usart.o
    0x2000020b   0x0000000b   Zero   RW          377    .bss                usart.o
    0x20000216   0x00000002   PAD
    0x20000218   0x00000134   Zero   RW          378    .bss                usart.o
    0x2000034c   0x00000018   Zero   RW          379    .bss                usart.o
    0x20000364   0x00000018   Zero   RW          380    .bss                usart.o
    0x2000037c   0x00000018   Zero   RW          381    .bss                usart.o
    0x20000394   0x00000018   Zero   RW          382    .bss                usart.o
    0x200003ac   0x00000018   Zero   RW          383    .bss                usart.o
    0x200003c4   0x00000018   Zero   RW          384    .bss                usart.o
    0x200003dc   0x00000018   Zero   RW          385    .bss                usart.o
    0x200003f4   0x000003d0   Zero   RW          466    .bss                usb_host.o
    0x200007c4   0x000002c4   Zero   RW          526    .bss                usbh_conf.o
    0x20000a88   0x00000668   Zero   RW          824    .bss                function_interface.o
    0x200010f0   0x00000020   Zero   RW         2191    .bss                stm32f1xx_hal_flash.o
    0x20001110   0x00000018   Zero   RW         3244    .bss                ff.o
    0x20001128   0x0000000c   Zero   RW         3532    .bss                ff_gen_drv.o
    0x20001134   0x00000004   PAD
    0x20001138   0x00002000   Zero   RW         3111    HEAP                startup_stm32f105xc.o
    0x20003138   0x00002000   Zero   RW         3110    STACK               startup_stm32f105xc.o


==============================================================================

Image component sizes


      Code (inc. data)   RO Data    RW Data    ZI Data      Debug   Object Name

       652         54          0          2        356       3463   adc.o
        92         12       1216          0          0       2123   ccsbcs.o
       148         22          0          0          0       8853   diskio.o
        44          4          0          0          0        806   dma.o
        32         10          0          5          0       1588   fatfs.o
      6810         88        186          8         24      42271   ff.o
        70          4          0          0         12       1687   ff_gen_drv.o
      6972       1802          0         30       1640      13760   function_interface.o
       128          8          0          0          0        995   gpio.o
       386         64          0          1         24     626949   main.o
        36          8        336          0      16384        788   startup_stm32f105xc.o
       164         28          0         12          0       7261   stm32f1xx_hal.o
      1112         54          0          0          0       8938   stm32f1xx_hal_adc.o
       200          6          0          0          0       1486   stm32f1xx_hal_adc_ex.o
       232         14          0          0          0      29861   stm32f1xx_hal_cortex.o
      1166         52          0          0          0       4666   stm32f1xx_hal_dma.o
       392         46          0          0         32       5014   stm32f1xx_hal_flash.o
       240         26          0          0          0       3389   stm32f1xx_hal_flash_ex.o
       490         34          0          0          0       3000   stm32f1xx_hal_gpio.o
      2270          4          0          0          0      13829   stm32f1xx_hal_hcd.o
        60          8          0          0          0        914   stm32f1xx_hal_msp.o
      1548        112          0          0          0       5652   stm32f1xx_hal_rcc.o
       708         64          0          0          0       3037   stm32f1xx_hal_rcc_ex.o
      1218         12          0          0          0       9791   stm32f1xx_hal_uart.o
        80         30          0          0          0       6431   stm32f1xx_it.o
      1484         36          0          4          0      17194   stm32f1xx_ll_usb.o
         0          0          0          0          0        556   syscall.o
        84         16         24          4          0       1271   system_stm32f1xx.o
       928        158          0         17        498       6515   usart.o
       288        142          0          1        976       2390   usb_host.o
       456         10          0          0        708      13341   usbh_conf.o
      2262        764          0          0          0      11381   usbh_core.o
      1174         64          0          0          0      10690   usbh_ctlreq.o
       416        124         20          0          0       4689   usbh_diskio.o
       172          0          0          0          0       4416   usbh_ioreq.o
      2438        438          4         32          0      11085   usbh_msc.o
       586         28          0          0          0       4881   usbh_msc_bot.o
       812          0          0          0          0       6371   usbh_msc_scsi.o
       110          0          0          0          0       3414   usbh_pipes.o

    ----------------------------------------------------------------------
     36506       4346       1818        120      20660     904746   Object Totals
         0          0         32          0          0          0   (incl. Generated)
        46          0          0          4          6          0   (incl. Padding)

    ----------------------------------------------------------------------

      Code (inc. data)   RO Data    RW Data    ZI Data      Debug   Library Member Name

         0          0          0          0          0          0   entry.o
         0          0          0          0          0          0   entry10a.o
         0          0          0          0          0          0   entry11a.o
         8          4          0          0          0          0   entry2.o
         4          0          0          0          0          0   entry5.o
         0          0          0          0          0          0   entry7b.o
         0          0          0          0          0          0   entry8b.o
         8          4          0          0          0          0   entry9a.o
        30          0          0          0          0          0   handlers.o
        36          8          0          0          0         68   init.o
         0          0          0          0          0          0   iusefp.o
        30          0          0          0          0         68   llshl.o
        36          0          0          0          0         68   llsshr.o
        32          0          0          0          0         68   llushr.o
       188         20          0          0          0        160   malloc.o
        36          0          0          0          0         68   memcpya.o
        36          0          0          0          0        108   memseta.o
         0          0          0          8          0          0   mvars.o
       736         56          0          0          0        184   printf5.o
         0          0          0          4          0          0   stdout.o
        98          0          0          0          0         92   uldiv.o
       334          0          0          0          0        148   dadd.o
       186          0          0          0          0        176   depilogue.o
        62          0          0          0          0         80   dfixi.o
        34          0          0          0          0         76   dflti.o
       228          0          0          0          0         96   dmul.o
       124          0          0          0          0         88   fdiv.o
       110          0          0          0          0        168   fepilogue.o
        50          0          0          0          0         68   ffixi.o
        18          0          0          0          0         68   fflti.o
       100          0          0          0          0         76   fmul.o

    ----------------------------------------------------------------------
      2528         92          0         12          0       1928   Library Totals
         4          0          0          0          0          0   (incl. Padding)

    ----------------------------------------------------------------------

      Code (inc. data)   RO Data    RW Data    ZI Data      Debug   Library Name

      1278         92          0         12          0        884   mc_w.l
      1246          0          0          0          0       1044   mf_w.l

    ----------------------------------------------------------------------
      2528         92          0         12          0       1928   Library Totals

    ----------------------------------------------------------------------

==============================================================================


      Code (inc. data)   RO Data    RW Data    ZI Data      Debug   

     39034       4438       1818        132      20660     891746   Grand Totals
     39034       4438       1818        132      20660     891746   ELF Image Totals
     39034       4438       1818        132          0          0   ROM Totals

==============================================================================

    Total RO  Size (Code + RO Data)                40852 (  39.89kB)
    Total RW  Size (RW Data + ZI Data)             20792 (  20.30kB)
    Total ROM Size (Code + RO Data + RW Data)      40984 (  40.02kB)

==============================================================================

